Archive member included to satisfy reference by file (symbol)

c:/st/stm32cubeide_1.10.1/stm32cubeide/plugins/com.st.stm32cube.ide.mcu.externaltools.gnu-tools-for-stm32.10.3-2021.10.win32_1.0.0.202111181127/tools/bin/../lib/gcc/arm-none-eabi/10.3.1/../../../../arm-none-eabi/lib/thumb/v7-m/nofp\libc_nano.a(lib_a-errno.o)
                              ./Core/Src/syscalls.o (__errno)
c:/st/stm32cubeide_1.10.1/stm32cubeide/plugins/com.st.stm32cube.ide.mcu.externaltools.gnu-tools-for-stm32.10.3-2021.10.win32_1.0.0.202111181127/tools/bin/../lib/gcc/arm-none-eabi/10.3.1/../../../../arm-none-eabi/lib/thumb/v7-m/nofp\libc_nano.a(lib_a-exit.o)
                              c:/st/stm32cubeide_1.10.1/stm32cubeide/plugins/com.st.stm32cube.ide.mcu.externaltools.gnu-tools-for-stm32.10.3-2021.10.win32_1.0.0.202111181127/tools/bin/../lib/gcc/arm-none-eabi/10.3.1/../../../../arm-none-eabi/lib/thumb/v7-m/nofp/crt0.o (exit)
c:/st/stm32cubeide_1.10.1/stm32cubeide/plugins/com.st.stm32cube.ide.mcu.externaltools.gnu-tools-for-stm32.10.3-2021.10.win32_1.0.0.202111181127/tools/bin/../lib/gcc/arm-none-eabi/10.3.1/../../../../arm-none-eabi/lib/thumb/v7-m/nofp\libc_nano.a(lib_a-impure.o)
                              c:/st/stm32cubeide_1.10.1/stm32cubeide/plugins/com.st.stm32cube.ide.mcu.externaltools.gnu-tools-for-stm32.10.3-2021.10.win32_1.0.0.202111181127/tools/bin/../lib/gcc/arm-none-eabi/10.3.1/../../../../arm-none-eabi/lib/thumb/v7-m/nofp\libc_nano.a(lib_a-exit.o) (_global_impure_ptr)
c:/st/stm32cubeide_1.10.1/stm32cubeide/plugins/com.st.stm32cube.ide.mcu.externaltools.gnu-tools-for-stm32.10.3-2021.10.win32_1.0.0.202111181127/tools/bin/../lib/gcc/arm-none-eabi/10.3.1/../../../../arm-none-eabi/lib/thumb/v7-m/nofp\libc_nano.a(lib_a-init.o)
                              c:/st/stm32cubeide_1.10.1/stm32cubeide/plugins/com.st.stm32cube.ide.mcu.externaltools.gnu-tools-for-stm32.10.3-2021.10.win32_1.0.0.202111181127/tools/bin/../lib/gcc/arm-none-eabi/10.3.1/../../../../arm-none-eabi/lib/thumb/v7-m/nofp/crt0.o (__libc_init_array)
c:/st/stm32cubeide_1.10.1/stm32cubeide/plugins/com.st.stm32cube.ide.mcu.externaltools.gnu-tools-for-stm32.10.3-2021.10.win32_1.0.0.202111181127/tools/bin/../lib/gcc/arm-none-eabi/10.3.1/../../../../arm-none-eabi/lib/thumb/v7-m/nofp\libc_nano.a(lib_a-memcpy-stub.o)
                              ./Core/Src/SX1278.o (memcpy)
c:/st/stm32cubeide_1.10.1/stm32cubeide/plugins/com.st.stm32cube.ide.mcu.externaltools.gnu-tools-for-stm32.10.3-2021.10.win32_1.0.0.202111181127/tools/bin/../lib/gcc/arm-none-eabi/10.3.1/../../../../arm-none-eabi/lib/thumb/v7-m/nofp\libc_nano.a(lib_a-memset.o)
                              c:/st/stm32cubeide_1.10.1/stm32cubeide/plugins/com.st.stm32cube.ide.mcu.externaltools.gnu-tools-for-stm32.10.3-2021.10.win32_1.0.0.202111181127/tools/bin/../lib/gcc/arm-none-eabi/10.3.1/../../../../arm-none-eabi/lib/thumb/v7-m/nofp/crt0.o (memset)
c:/st/stm32cubeide_1.10.1/stm32cubeide/plugins/com.st.stm32cube.ide.mcu.externaltools.gnu-tools-for-stm32.10.3-2021.10.win32_1.0.0.202111181127/tools/bin/../lib/gcc/arm-none-eabi/10.3.1/../../../../arm-none-eabi/lib/thumb/v7-m/nofp\libc_nano.a(lib_a-strlen.o)
                              ./Core/Src/main.o (strlen)

Discarded input sections

 .text          0x0000000000000000        0x0 c:/st/stm32cubeide_1.10.1/stm32cubeide/plugins/com.st.stm32cube.ide.mcu.externaltools.gnu-tools-for-stm32.10.3-2021.10.win32_1.0.0.202111181127/tools/bin/../lib/gcc/arm-none-eabi/10.3.1/thumb/v7-m/nofp/crti.o
 .data          0x0000000000000000        0x0 c:/st/stm32cubeide_1.10.1/stm32cubeide/plugins/com.st.stm32cube.ide.mcu.externaltools.gnu-tools-for-stm32.10.3-2021.10.win32_1.0.0.202111181127/tools/bin/../lib/gcc/arm-none-eabi/10.3.1/thumb/v7-m/nofp/crti.o
 .bss           0x0000000000000000        0x0 c:/st/stm32cubeide_1.10.1/stm32cubeide/plugins/com.st.stm32cube.ide.mcu.externaltools.gnu-tools-for-stm32.10.3-2021.10.win32_1.0.0.202111181127/tools/bin/../lib/gcc/arm-none-eabi/10.3.1/thumb/v7-m/nofp/crti.o
 .data          0x0000000000000000        0x4 c:/st/stm32cubeide_1.10.1/stm32cubeide/plugins/com.st.stm32cube.ide.mcu.externaltools.gnu-tools-for-stm32.10.3-2021.10.win32_1.0.0.202111181127/tools/bin/../lib/gcc/arm-none-eabi/10.3.1/thumb/v7-m/nofp/crtbegin.o
 .rodata        0x0000000000000000       0x24 c:/st/stm32cubeide_1.10.1/stm32cubeide/plugins/com.st.stm32cube.ide.mcu.externaltools.gnu-tools-for-stm32.10.3-2021.10.win32_1.0.0.202111181127/tools/bin/../lib/gcc/arm-none-eabi/10.3.1/thumb/v7-m/nofp/crtbegin.o
 .text          0x0000000000000000       0x7c c:/st/stm32cubeide_1.10.1/stm32cubeide/plugins/com.st.stm32cube.ide.mcu.externaltools.gnu-tools-for-stm32.10.3-2021.10.win32_1.0.0.202111181127/tools/bin/../lib/gcc/arm-none-eabi/10.3.1/../../../../arm-none-eabi/lib/thumb/v7-m/nofp/crt0.o
[...]
Memory Configuration

Name             Origin             Length             Attributes
RAM              0x0000000020000000 0x0000000000005000 xrw
FLASH            0x0000000008000000 0x0000000000010000 xr
*default*        0x0000000000000000 0xffffffffffffffff

Linker script and memory map

LOAD c:/st/stm32cubeide_1.10.1/stm32cubeide/plugins/com.st.stm32cube.ide.mcu.externaltools.gnu-tools-for-stm32.10.3-2021.10.win32_1.0.0.202111181127/tools/bin/../lib/gcc/arm-none-eabi/10.3.1/thumb/v7-m/nofp/crti.o
LOAD c:/st/stm32cubeide_1.10.1/stm32cubeide/plugins/com.st.stm32cube.ide.mcu.externaltools.gnu-tools-for-stm32.10.3-2021.10.win32_1.0.0.202111181127/tools/bin/../lib/gcc/arm-none-eabi/10.3.1/thumb/v7-m/nofp/crtbegin.o
LOAD c:/st/stm32cubeide_1.10.1/stm32cubeide/plugins/com.st.stm32cube.ide.mcu.externaltools.gnu-tools-for-stm32.10.3-2021.10.win32_1.0.0.202111181127/tools/bin/../lib/gcc/arm-none-eabi/10.3.1/../../../../arm-none-eabi/lib/thumb/v7-m/nofp/crt0.o
LOAD ./Core/Src/SX1278.o
LOAD ./Core/Src/gpio.o
LOAD ./Core/Src/main.o
LOAD ./Core/Src/spi.o
LOAD ./Core/Src/stm32f1xx_hal_msp.o
LOAD ./Core/Src/stm32f1xx_it.o
LOAD ./Core/Src/syscalls.o
LOAD ./Core/Src/sysmem.o
LOAD ./Core/Src/system_stm32f1xx.o
LOAD ./Core/Startup/startup_stm32f103c8tx.o
LOAD ./Drivers/STM32F1xx_HAL_Driver/Src/stm32f1xx_hal.o
LOAD ./Drivers/STM32F1xx_HAL_Driver/Src/stm32f1xx_hal_cortex.o
LOAD ./Drivers/STM32F1xx_HAL_Driver/Src/stm32f1xx_hal_dma.o
LOAD ./Drivers/STM32F1xx_HAL_Driver/Src/stm32f1xx_hal_exti.o
LOAD ./Drivers/STM32F1xx_HAL_Driver/Src/stm32f1xx_hal_flash.o
LOAD ./Drivers/STM32F1xx_HAL_Driver/Src/stm32f1xx_hal_flash_ex.o
LOAD ./Drivers/STM32F1xx_HAL_Driver/Src/stm32f1xx_hal_gpio.o
LOAD ./Drivers/STM32F1xx_HAL_Driver/Src/stm32f1xx_hal_gpio_ex.o
LOAD ./Drivers/STM32F1xx_HAL_Driver/Src/stm32f1xx_hal_pcd.o
LOAD ./Drivers/STM32F1xx_HAL_Driver/Src/stm32f1xx_hal_pcd_ex.o
LOAD ./Drivers/STM32F1xx_HAL_Driver/Src/stm32f1xx_hal_pwr.o
LOAD ./Drivers/STM32F1xx_HAL_Driver/Src/stm32f1xx_hal_rcc.o
LOAD ./Drivers/STM32F1xx_HAL_Driver/Src/stm32f1xx_hal_rcc_ex.o
LOAD ./Drivers/STM32F1xx_HAL_Driver/Src/stm32f1xx_hal_spi.o
LOAD ./Drivers/STM32F1xx_HAL_Driver/Src/stm32f1xx_hal_tim.o
LOAD ./Drivers/STM32F1xx_HAL_Driver/Src/stm32f1xx_hal_tim_ex.o
LOAD ./Drivers/STM32F1xx_HAL_Driver/Src/stm32f1xx_ll_usb.o
LOAD ./Middlewares/ST/STM32_USB_Device_Library/Class/CDC/Src/usbd_cdc.o
LOAD ./Middlewares/ST/STM32_USB_Device_Library/Core/Src/usbd_core.o
LOAD ./Middlewares/ST/STM32_USB_Device_Library/Core/Src/usbd_ctlreq.o
LOAD ./Middlewares/ST/STM32_USB_Device_Library/Core/Src/usbd_ioreq.o
LOAD ./USB_DEVICE/App/usb_device.o
LOAD ./USB_DEVICE/App/usbd_cdc_if.o
LOAD ./USB_DEVICE/App/usbd_desc.o
LOAD ./USB_DEVICE/Target/usbd_conf.o
START GROUP
LOAD c:/st/stm32cubeide_1.10.1/stm32cubeide/plugins/com.st.stm32cube.ide.mcu.externaltools.gnu-tools-for-stm32.10.3-2021.10.win32_1.0.0.202111181127/tools/bin/../lib/gcc/arm-none-eabi/10.3.1/../../../../arm-none-eabi/lib/thumb/v7-m/nofp\libc_nano.a
LOAD c:/st/stm32cubeide_1.10.1/stm32cubeide/plugins/com.st.stm32cube.ide.mcu.externaltools.gnu-tools-for-stm32.10.3-2021.10.win32_1.0.0.202111181127/tools/bin/../lib/gcc/arm-none-eabi/10.3.1/../../../../arm-none-eabi/lib/thumb/v7-m/nofp\libm.a
END GROUP
START GROUP
LOAD c:/st/stm32cubeide_1.10.1/stm32cubeide/plugins/com.st.stm32cube.ide.mcu.externaltools.gnu-tools-for-stm32.10.3-2021.10.win32_1.0.0.202111181127/tools/bin/../lib/gcc/arm-none-eabi/10.3.1/thumb/v7-m/nofp\libgcc.a
LOAD c:/st/stm32cubeide_1.10.1/stm32cubeide/plugins/com.st.stm32cube.ide.mcu.externaltools.gnu-tools-for-stm32.10.3-2021.10.win32_1.0.0.202111181127/tools/bin/../lib/gcc/arm-none-eabi/10.3.1/../../../../arm-none-eabi/lib/thumb/v7-m/nofp\libc_nano.a
END GROUP
START GROUP
LOAD c:/st/stm32cubeide_1.10.1/stm32cubeide/plugins/com.st.stm32cube.ide.mcu.externaltools.gnu-tools-for-stm32.10.3-2021.10.win32_1.0.0.202111181127/tools/bin/../lib/gcc/arm-none-eabi/10.3.1/thumb/v7-m/nofp\libgcc.a
LOAD c:/st/stm32cubeide_1.10.1/stm32cubeide/plugins/com.st.stm32cube.ide.mcu.externaltools.gnu-tools-for-stm32.10.3-2021.10.win32_1.0.0.202111181127/tools/bin/../lib/gcc/arm-none-eabi/10.3.1/../../../../arm-none-eabi/lib/thumb/v7-m/nofp\libc_nano.a
LOAD c:/st/stm32cubeide_1.10.1/stm32cubeide/plugins/com.st.stm32cube.ide.mcu.externaltools.gnu-tools-for-stm32.10.3-2021.10.win32_1.0.0.202111181127/tools/bin/../lib/gcc/arm-none-eabi/10.3.1/../../../../arm-none-eabi/lib/thumb/v7-m/nofp\libnosys.a
END GROUP
START GROUP
LOAD c:/st/stm32cubeide_1.10.1/stm32cubeide/plugins/com.st.stm32cube.ide.mcu.externaltools.gnu-tools-for-stm32.10.3-2021.10.win32_1.0.0.202111181127/tools/bin/../lib/gcc/arm-none-eabi/10.3.1/thumb/v7-m/nofp\libgcc.a
LOAD c:/st/stm32cubeide_1.10.1/stm32cubeide/plugins/com.st.stm32cube.ide.mcu.externaltools.gnu-tools-for-stm32.10.3-2021.10.win32_1.0.0.202111181127/tools/bin/../lib/gcc/arm-none-eabi/10.3.1/../../../../arm-none-eabi/lib/thumb/v7-m/nofp\libc_nano.a
LOAD c:/st/stm32cubeide_1.10.1/stm32cubeide/plugins/com.st.stm32cube.ide.mcu.externaltools.gnu-tools-for-stm32.10.3-2021.10.win32_1.0.0.202111181127/tools/bin/../lib/gcc/arm-none-eabi/10.3.1/../../../../arm-none-eabi/lib/thumb/v7-m/nofp\libnosys.a
END GROUP
LOAD c:/st/stm32cubeide_1.10.1/stm32cubeide/plugins/com.st.stm32cube.ide.mcu.externaltools.gnu-tools-for-stm32.10.3-2021.10.win32_1.0.0.202111181127/tools/bin/../lib/gcc/arm-none-eabi/10.3.1/thumb/v7-m/nofp/crtend.o
LOAD c:/st/stm32cubeide_1.10.1/stm32cubeide/plugins/com.st.stm32cube.ide.mcu.externaltools.gnu-tools-for-stm32.10.3-2021.10.win32_1.0.0.202111181127/tools/bin/../lib/gcc/arm-none-eabi/10.3.1/thumb/v7-m/nofp/crtn.o
                0x0000000020005000                _estack = (ORIGIN (RAM) + LENGTH (RAM))
                0x0000000000000200                _Min_Heap_Size = 0x200
                0x0000000000000400                _Min_Stack_Size = 0x400

.isr_vector     0x0000000008000000      0x10c
                0x0000000008000000                . = ALIGN (0x4)
 *(.isr_vector)
 .isr_vector    0x0000000008000000      0x10c ./Core/Startup/startup_stm32f103c8tx.o
                0x0000000008000000                g_pfnVectors
                0x000000000800010c                . = ALIGN (0x4)

.text           0x000000000800010c     0x89f4
                0x000000000800010c                . = ALIGN (0x4)
 *(.text)
 .text          0x000000000800010c       0x40 c:/st/stm32cubeide_1.10.1/stm32cubeide/plugins/com.st.stm32cube.ide.mcu.externaltools.gnu-tools-for-stm32.10.3-2021.10.win32_1.0.0.202111181127/tools/bin/../lib/gcc/arm-none-eabi/10.3.1/thumb/v7-m/nofp/crtbegin.o
 .text          0x000000000800014c       0x10 c:/st/stm32cubeide_1.10.1/stm32cubeide/plugins/com.st.stm32cube.ide.mcu.externaltools.gnu-tools-for-stm32.10.3-2021.10.win32_1.0.0.202111181127/tools/bin/../lib/gcc/arm-none-eabi/10.3.1/../../../../arm-none-eabi/lib/thumb/v7-m/nofp\libc_nano.a(lib_a-strlen.o)
                0x000000000800014c                strlen
 *(.text*)
 .text.SX1278_hw_init
                0x000000000800015c       0x2a ./Core/Src/SX1278.o
                0x000000000800015c                SX1278_hw_init
 .text.SX1278_hw_SetNSS
                0x0000000008000186       0x2e ./Core/Src/SX1278.o
                0x0000000008000186                SX1278_hw_SetNSS
 .text.SX1278_hw_Reset
                0x00000000080001b4       0x48 ./Core/Src/SX1278.o
                0x00000000080001b4                SX1278_hw_Reset
 .text.SX1278_hw_SPICommand
                0x00000000080001fc       0x40 ./Core/Src/SX1278.o
                0x00000000080001fc                SX1278_hw_SPICommand
 .text.SX1278_hw_SPIReadByte
                0x000000000800023c       0x4c ./Core/Src/SX1278.o
                0x000000000800023c                SX1278_hw_SPIReadByte
 .text.SX1278_hw_DelayMs
                0x0000000008000288       0x16 ./Core/Src/SX1278.o
                0x0000000008000288                SX1278_hw_DelayMs
 .text.SX1278_hw_GetDIO0
                0x000000000800029e       0x2e ./Core/Src/SX1278.o
                0x000000000800029e                SX1278_hw_GetDIO0
 .text.SX1278_SPIRead
                0x00000000080002cc       0x3e ./Core/Src/SX1278.o
                0x00000000080002cc                SX1278_SPIRead
 .text.SX1278_SPIWrite
                0x000000000800030a       0x52 ./Core/Src/SX1278.o
                0x000000000800030a                SX1278_SPIWrite
 .text.SX1278_SPIBurstRead
                0x000000000800035c       0x72 ./Core/Src/SX1278.o
                0x000000000800035c                SX1278_SPIBurstRead
 .text.SX1278_SPIBurstWrite
                0x00000000080003ce       0x76 ./Core/Src/SX1278.o
                0x00000000080003ce                SX1278_SPIBurstWrite
 .text.SX1278_defaultConfig
                0x0000000008000444       0x2a ./Core/Src/SX1278.o
                0x0000000008000444                SX1278_defaultConfig
 *fill*         0x000000000800046e        0x2 
 .text.SX1278_config
                0x0000000008000470      0x154 ./Core/Src/SX1278.o
                0x0000000008000470                SX1278_config
 .text.SX1278_standby
                0x00000000080005c4       0x20 ./Core/Src/SX1278.o
                0x00000000080005c4                SX1278_standby
 .text.SX1278_sleep
                0x00000000080005e4       0x20 ./Core/Src/SX1278.o
                0x00000000080005e4                SX1278_sleep
 .text.SX1278_entryLoRa
                0x0000000008000604       0x1a ./Core/Src/SX1278.o
                0x0000000008000604                SX1278_entryLoRa
 .text.SX1278_clearLoRaIrq
                0x000000000800061e       0x1a ./Core/Src/SX1278.o
                0x000000000800061e                SX1278_clearLoRaIrq
 .text.SX1278_LoRaEntryRx
                0x0000000008000638       0xca ./Core/Src/SX1278.o
                0x0000000008000638                SX1278_LoRaEntryRx
 .text.SX1278_LoRaRxPacket
                0x0000000008000702       0x88 ./Core/Src/SX1278.o
                0x0000000008000702                SX1278_LoRaRxPacket
 .text.SX1278_begin
                0x000000000800078a       0x50 ./Core/Src/SX1278.o
                0x000000000800078a                SX1278_begin
 .text.SX1278_read
                0x00000000080007da       0x4c ./Core/Src/SX1278.o
                0x00000000080007da                SX1278_read
 *fill*         0x0000000008000826        0x2 
 .text.MX_GPIO_Init
                0x0000000008000828      0x120 ./Core/Src/gpio.o
                0x0000000008000828                MX_GPIO_Init
 .text.main     0x0000000008000948       0xec ./Core/Src/main.o
                0x0000000008000948                main
 .text.SystemClock_Config
                0x0000000008000a34       0xb4 ./Core/Src/main.o
                0x0000000008000a34                SystemClock_Config
 .text.Error_Handler
                0x0000000008000ae8        0xa ./Core/Src/main.o
                0x0000000008000ae8                Error_Handler
 *fill*         0x0000000008000af2        0x2 
 .text.MX_SPI1_Init
                0x0000000008000af4       0x6c ./Core/Src/spi.o
                0x0000000008000af4                MX_SPI1_Init
 .text.HAL_SPI_MspInit
                0x0000000008000b60       0x94 ./Core/Src/spi.o
                0x0000000008000b60                HAL_SPI_MspInit
 .text.HAL_MspInit
                0x0000000008000bf4       0x64 ./Core/Src/stm32f1xx_hal_msp.o
                0x0000000008000bf4                HAL_MspInit
 .text.NMI_Handler
                0x0000000008000c58        0x6 ./Core/Src/stm32f1xx_it.o
                0x0000000008000c58                NMI_Handler
 .text.HardFault_Handler
                0x0000000008000c5e        0x6 ./Core/Src/stm32f1xx_it.o
                0x0000000008000c5e                HardFault_Handler
 .text.MemManage_Handler
                0x0000000008000c64        0x6 ./Core/Src/stm32f1xx_it.o
                0x0000000008000c64                MemManage_Handler
 .text.BusFault_Handler
                0x0000000008000c6a        0x6 ./Core/Src/stm32f1xx_it.o
                0x0000000008000c6a                BusFault_Handler
 .text.UsageFault_Handler
                0x0000000008000c70        0x6 ./Core/Src/stm32f1xx_it.o
                0x0000000008000c70                UsageFault_Handler
 .text.SVC_Handler
                0x0000000008000c76        0xc ./Core/Src/stm32f1xx_it.o
                0x0000000008000c76                SVC_Handler
 .text.DebugMon_Handler
                0x0000000008000c82        0xc ./Core/Src/stm32f1xx_it.o
                0x0000000008000c82                DebugMon_Handler
 .text.PendSV_Handler
                0x0000000008000c8e        0xc ./Core/Src/stm32f1xx_it.o
                0x0000000008000c8e                PendSV_Handler
 .text.SysTick_Handler
                0x0000000008000c9a        0xc ./Core/Src/stm32f1xx_it.o
                0x0000000008000c9a                SysTick_Handler
 *fill*         0x0000000008000ca6        0x2 
 .text.USB_LP_CAN1_RX0_IRQHandler
                0x0000000008000ca8       0x14 ./Core/Src/stm32f1xx_it.o
                0x0000000008000ca8                USB_LP_CAN1_RX0_IRQHandler
 .text.SystemInit
                0x0000000008000cbc        0xc ./Core/Src/system_stm32f1xx.o
                0x0000000008000cbc                SystemInit
 .text.Reset_Handler
                0x0000000008000cc8       0x48 ./Core/Startup/startup_stm32f103c8tx.o
                0x0000000008000cc8                Reset_Handler
 .text.Default_Handler
                0x0000000008000d10        0x2 ./Core/Startup/startup_stm32f103c8tx.o
                0x0000000008000d10                RTC_Alarm_IRQHandler
                0x0000000008000d10                EXTI2_IRQHandler
                0x0000000008000d10                TIM1_CC_IRQHandler
                0x0000000008000d10                PVD_IRQHandler
                0x0000000008000d10                EXTI3_IRQHandler
                0x0000000008000d10                EXTI0_IRQHandler
                0x0000000008000d10                I2C2_EV_IRQHandler
                0x0000000008000d10                ADC1_2_IRQHandler
                0x0000000008000d10                SPI1_IRQHandler
                0x0000000008000d10                TAMPER_IRQHandler
                0x0000000008000d10                DMA1_Channel4_IRQHandler
                0x0000000008000d10                USART3_IRQHandler
                0x0000000008000d10                RTC_IRQHandler
                0x0000000008000d10                DMA1_Channel7_IRQHandler
                0x0000000008000d10                CAN1_RX1_IRQHandler
                0x0000000008000d10                TIM4_IRQHandler
                0x0000000008000d10                I2C1_EV_IRQHandler
                0x0000000008000d10                DMA1_Channel6_IRQHandler
                0x0000000008000d10                TIM3_IRQHandler
                0x0000000008000d10                RCC_IRQHandler
                0x0000000008000d10                TIM1_TRG_COM_IRQHandler
                0x0000000008000d10                DMA1_Channel1_IRQHandler
                0x0000000008000d10                Default_Handler
                0x0000000008000d10                EXTI15_10_IRQHandler
                0x0000000008000d10                EXTI9_5_IRQHandler
                0x0000000008000d10                SPI2_IRQHandler
                0x0000000008000d10                DMA1_Channel5_IRQHandler
                0x0000000008000d10                EXTI4_IRQHandler
                0x0000000008000d10                USB_HP_CAN1_TX_IRQHandler
                0x0000000008000d10                DMA1_Channel3_IRQHandler
                0x0000000008000d10                TIM1_UP_IRQHandler
                0x0000000008000d10                WWDG_IRQHandler
                0x0000000008000d10                TIM2_IRQHandler
                0x0000000008000d10                TIM1_BRK_IRQHandler
                0x0000000008000d10                EXTI1_IRQHandler
                0x0000000008000d10                USART2_IRQHandler
                0x0000000008000d10                I2C2_ER_IRQHandler
                0x0000000008000d10                DMA1_Channel2_IRQHandler
                0x0000000008000d10                CAN1_SCE_IRQHandler
                0x0000000008000d10                FLASH_IRQHandler
                0x0000000008000d10                USART1_IRQHandler
                0x0000000008000d10                I2C1_ER_IRQHandler
                0x0000000008000d10                USBWakeUp_IRQHandler
 *fill*         0x0000000008000d12        0x2 
 .text.HAL_Init
                0x0000000008000d14       0x2c ./Drivers/STM32F1xx_HAL_Driver/Src/stm32f1xx_hal.o
                0x0000000008000d14                HAL_Init
 .text.HAL_InitTick
                0x0000000008000d40       0x60 ./Drivers/STM32F1xx_HAL_Driver/Src/stm32f1xx_hal.o
                0x0000000008000d40                HAL_InitTick
 .text.HAL_IncTick
                0x0000000008000da0       0x24 ./Drivers/STM32F1xx_HAL_Driver/Src/stm32f1xx_hal.o
                0x0000000008000da0                HAL_IncTick
 .text.HAL_GetTick
                0x0000000008000dc4       0x14 ./Drivers/STM32F1xx_HAL_Driver/Src/stm32f1xx_hal.o
                0x0000000008000dc4                HAL_GetTick
 .text.HAL_Delay
                0x0000000008000dd8       0x48 ./Drivers/STM32F1xx_HAL_Driver/Src/stm32f1xx_hal.o
                0x0000000008000dd8                HAL_Delay
 .text.__NVIC_SetPriorityGrouping
                0x0000000008000e20       0x48 ./Drivers/STM32F1xx_HAL_Driver/Src/stm32f1xx_hal_cortex.o
 .text.__NVIC_GetPriorityGrouping
                0x0000000008000e68       0x1c ./Drivers/STM32F1xx_HAL_Driver/Src/stm32f1xx_hal_cortex.o
 .text.__NVIC_EnableIRQ
                0x0000000008000e84       0x38 ./Drivers/STM32F1xx_HAL_Driver/Src/stm32f1xx_hal_cortex.o
 .text.__NVIC_SetPriority
                0x0000000008000ebc       0x54 ./Drivers/STM32F1xx_HAL_Driver/Src/stm32f1xx_hal_cortex.o
 .text.NVIC_EncodePriority
                0x0000000008000f10       0x64 ./Drivers/STM32F1xx_HAL_Driver/Src/stm32f1xx_hal_cortex.o
 .text.SysTick_Config
                0x0000000008000f74       0x44 ./Drivers/STM32F1xx_HAL_Driver/Src/stm32f1xx_hal_cortex.o
 .text.HAL_NVIC_SetPriorityGrouping
                0x0000000008000fb8       0x16 ./Drivers/STM32F1xx_HAL_Driver/Src/stm32f1xx_hal_cortex.o
                0x0000000008000fb8                HAL_NVIC_SetPriorityGrouping
 .text.HAL_NVIC_SetPriority
                0x0000000008000fce       0x38 ./Drivers/STM32F1xx_HAL_Driver/Src/stm32f1xx_hal_cortex.o
                0x0000000008000fce                HAL_NVIC_SetPriority
 .text.HAL_NVIC_EnableIRQ
                0x0000000008001006       0x1c ./Drivers/STM32F1xx_HAL_Driver/Src/stm32f1xx_hal_cortex.o
                0x0000000008001006                HAL_NVIC_EnableIRQ
 .text.HAL_SYSTICK_Config
                0x0000000008001022       0x18 ./Drivers/STM32F1xx_HAL_Driver/Src/stm32f1xx_hal_cortex.o
                0x0000000008001022                HAL_SYSTICK_Config
 *fill*         0x000000000800103a        0x2 
 .text.HAL_GPIO_Init
                0x000000000800103c      0x308 ./Drivers/STM32F1xx_HAL_Driver/Src/stm32f1xx_hal_gpio.o
                0x000000000800103c                HAL_GPIO_Init
 .text.HAL_GPIO_ReadPin
                0x0000000008001344       0x2e ./Drivers/STM32F1xx_HAL_Driver/Src/stm32f1xx_hal_gpio.o
                0x0000000008001344                HAL_GPIO_ReadPin
 .text.HAL_GPIO_WritePin
                0x0000000008001372       0x30 ./Drivers/STM32F1xx_HAL_Driver/Src/stm32f1xx_hal_gpio.o
                0x0000000008001372                HAL_GPIO_WritePin
 .text.HAL_GPIO_TogglePin
                0x00000000080013a2       0x32 ./Drivers/STM32F1xx_HAL_Driver/Src/stm32f1xx_hal_gpio.o
                0x00000000080013a2                HAL_GPIO_TogglePin
 .text.HAL_PCD_Init
                0x00000000080013d4      0x216 ./Drivers/STM32F1xx_HAL_Driver/Src/stm32f1xx_hal_pcd.o
                0x00000000080013d4                HAL_PCD_Init
 .text.HAL_PCD_Start
                0x00000000080015ea       0x4c ./Drivers/STM32F1xx_HAL_Driver/Src/stm32f1xx_hal_pcd.o
                0x00000000080015ea                HAL_PCD_Start
 .text.HAL_PCD_IRQHandler
                0x0000000008001636      0x2a6 ./Drivers/STM32F1xx_HAL_Driver/Src/stm32f1xx_hal_pcd.o
                0x0000000008001636                HAL_PCD_IRQHandler
 .text.HAL_PCD_SetAddress
                0x00000000080018dc       0x4a ./Drivers/STM32F1xx_HAL_Driver/Src/stm32f1xx_hal_pcd.o
                0x00000000080018dc                HAL_PCD_SetAddress
 .text.HAL_PCD_EP_Open
                0x0000000008001926       0xcc ./Drivers/STM32F1xx_HAL_Driver/Src/stm32f1xx_hal_pcd.o
                0x0000000008001926                HAL_PCD_EP_Open
 .text.HAL_PCD_EP_Close
                0x00000000080019f2       0x90 ./Drivers/STM32F1xx_HAL_Driver/Src/stm32f1xx_hal_pcd.o
                0x00000000080019f2                HAL_PCD_EP_Close
 .text.HAL_PCD_EP_Receive
                0x0000000008001a82       0x7a ./Drivers/STM32F1xx_HAL_Driver/Src/stm32f1xx_hal_pcd.o
                0x0000000008001a82                HAL_PCD_EP_Receive
 .text.HAL_PCD_EP_GetRxCount
                0x0000000008001afc       0x2e ./Drivers/STM32F1xx_HAL_Driver/Src/stm32f1xx_hal_pcd.o
                0x0000000008001afc                HAL_PCD_EP_GetRxCount
 .text.HAL_PCD_EP_Transmit
                0x0000000008001b2a       0x86 ./Drivers/STM32F1xx_HAL_Driver/Src/stm32f1xx_hal_pcd.o
                0x0000000008001b2a                HAL_PCD_EP_Transmit
 .text.HAL_PCD_EP_SetStall
                0x0000000008001bb0       0xc0 ./Drivers/STM32F1xx_HAL_Driver/Src/stm32f1xx_hal_pcd.o
                0x0000000008001bb0                HAL_PCD_EP_SetStall
 .text.HAL_PCD_EP_ClrStall
                0x0000000008001c70       0xa8 ./Drivers/STM32F1xx_HAL_Driver/Src/stm32f1xx_hal_pcd.o
                0x0000000008001c70                HAL_PCD_EP_ClrStall
 .text.PCD_EP_ISR_Handler
                0x0000000008001d18      0x600 ./Drivers/STM32F1xx_HAL_Driver/Src/stm32f1xx_hal_pcd.o
 .text.HAL_PCD_EP_DB_Receive
                0x0000000008002318      0x21a ./Drivers/STM32F1xx_HAL_Driver/Src/stm32f1xx_hal_pcd.o
 .text.HAL_PCD_EP_DB_Transmit
                0x0000000008002532      0x7a4 ./Drivers/STM32F1xx_HAL_Driver/Src/stm32f1xx_hal_pcd.o
 .text.HAL_PCDEx_PMAConfig
                0x0000000008002cd6       0x84 ./Drivers/STM32F1xx_HAL_Driver/Src/stm32f1xx_hal_pcd_ex.o
                0x0000000008002cd6                HAL_PCDEx_PMAConfig
 *fill*         0x0000000008002d5a        0x2 
 .text.HAL_RCC_OscConfig
                0x0000000008002d5c      0x504 ./Drivers/STM32F1xx_HAL_Driver/Src/stm32f1xx_hal_rcc.o
                0x0000000008002d5c                HAL_RCC_OscConfig
 .text.HAL_RCC_ClockConfig
                0x0000000008003260      0x1d4 ./Drivers/STM32F1xx_HAL_Driver/Src/stm32f1xx_hal_rcc.o
                0x0000000008003260                HAL_RCC_ClockConfig
 .text.HAL_RCC_GetSysClockFreq
                0x0000000008003434       0xbc ./Drivers/STM32F1xx_HAL_Driver/Src/stm32f1xx_hal_rcc.o
                0x0000000008003434                HAL_RCC_GetSysClockFreq
 .text.RCC_Delay
                0x00000000080034f0       0x3c ./Drivers/STM32F1xx_HAL_Driver/Src/stm32f1xx_hal_rcc.o
 .text.HAL_RCCEx_PeriphCLKConfig
                0x000000000800352c      0x16c ./Drivers/STM32F1xx_HAL_Driver/Src/stm32f1xx_hal_rcc_ex.o
                0x000000000800352c                HAL_RCCEx_PeriphCLKConfig
 .text.HAL_SPI_Init
                0x0000000008003698      0x108 ./Drivers/STM32F1xx_HAL_Driver/Src/stm32f1xx_hal_spi.o
                0x0000000008003698                HAL_SPI_Init
 .text.HAL_SPI_Transmit
                0x00000000080037a0      0x278 ./Drivers/STM32F1xx_HAL_Driver/Src/stm32f1xx_hal_spi.o
                0x00000000080037a0                HAL_SPI_Transmit
 .text.HAL_SPI_TransmitReceive
                0x0000000008003a18      0x344 ./Drivers/STM32F1xx_HAL_Driver/Src/stm32f1xx_hal_spi.o
                0x0000000008003a18                HAL_SPI_TransmitReceive
 .text.HAL_SPI_GetState
                0x0000000008003d5c       0x1a ./Drivers/STM32F1xx_HAL_Driver/Src/stm32f1xx_hal_spi.o
                0x0000000008003d5c                HAL_SPI_GetState
 *fill*         0x0000000008003d76        0x2 
 .text.SPI_WaitFlagStateUntilTimeout
                0x0000000008003d78      0x110 ./Drivers/STM32F1xx_HAL_Driver/Src/stm32f1xx_hal_spi.o
 .text.SPI_EndRxTxTransaction
                0x0000000008003e88       0x3c ./Drivers/STM32F1xx_HAL_Driver/Src/stm32f1xx_hal_spi.o
 .text.USB_CoreInit
                0x0000000008003ec4       0x20 ./Drivers/STM32F1xx_HAL_Driver/Src/stm32f1xx_ll_usb.o
                0x0000000008003ec4                USB_CoreInit
 .text.USB_EnableGlobalInt
                0x0000000008003ee4       0x2c ./Drivers/STM32F1xx_HAL_Driver/Src/stm32f1xx_ll_usb.o
                0x0000000008003ee4                USB_EnableGlobalInt
 .text.USB_DisableGlobalInt
                0x0000000008003f10       0x34 ./Drivers/STM32F1xx_HAL_Driver/Src/stm32f1xx_ll_usb.o
                0x0000000008003f10                USB_DisableGlobalInt
 .text.USB_SetCurrentMode
                0x0000000008003f44       0x18 ./Drivers/STM32F1xx_HAL_Driver/Src/stm32f1xx_ll_usb.o
                0x0000000008003f44                USB_SetCurrentMode
 .text.USB_DevInit
                0x0000000008003f5c       0x40 ./Drivers/STM32F1xx_HAL_Driver/Src/stm32f1xx_ll_usb.o
                0x0000000008003f5c                USB_DevInit
 .text.USB_ActivateEndpoint
                0x0000000008003f9c      0x6d4 ./Drivers/STM32F1xx_HAL_Driver/Src/stm32f1xx_ll_usb.o
                0x0000000008003f9c                USB_ActivateEndpoint
 .text.USB_DeactivateEndpoint
                0x0000000008004670      0x3d8 ./Drivers/STM32F1xx_HAL_Driver/Src/stm32f1xx_ll_usb.o
                0x0000000008004670                USB_DeactivateEndpoint
 .text.USB_EPStartXfer
                0x0000000008004a48     0x1c70 ./Drivers/STM32F1xx_HAL_Driver/Src/stm32f1xx_ll_usb.o
                0x0000000008004a48                USB_EPStartXfer
 .text.USB_EPSetStall
                0x00000000080066b8       0xa0 ./Drivers/STM32F1xx_HAL_Driver/Src/stm32f1xx_ll_usb.o
                0x00000000080066b8                USB_EPSetStall
 .text.USB_EPClearStall
                0x0000000008006758      0x15a ./Drivers/STM32F1xx_HAL_Driver/Src/stm32f1xx_ll_usb.o
                0x0000000008006758                USB_EPClearStall
 .text.USB_SetDevAddress
                0x00000000080068b2       0x26 ./Drivers/STM32F1xx_HAL_Driver/Src/stm32f1xx_ll_usb.o
                0x00000000080068b2                USB_SetDevAddress
 .text.USB_DevConnect
                0x00000000080068d8       0x14 ./Drivers/STM32F1xx_HAL_Driver/Src/stm32f1xx_ll_usb.o
                0x00000000080068d8                USB_DevConnect
 .text.USB_DevDisconnect
                0x00000000080068ec       0x14 ./Drivers/STM32F1xx_HAL_Driver/Src/stm32f1xx_ll_usb.o
                0x00000000080068ec                USB_DevDisconnect
 .text.USB_ReadInterrupts
                0x0000000008006900       0x1e ./Drivers/STM32F1xx_HAL_Driver/Src/stm32f1xx_ll_usb.o
                0x0000000008006900                USB_ReadInterrupts
 .text.USB_EP0_OutStart
                0x000000000800691e       0x16 ./Drivers/STM32F1xx_HAL_Driver/Src/stm32f1xx_ll_usb.o
                0x000000000800691e                USB_EP0_OutStart
 .text.USB_WritePMA
                0x0000000008006934       0x8a ./Drivers/STM32F1xx_HAL_Driver/Src/stm32f1xx_ll_usb.o
                0x0000000008006934                USB_WritePMA
 .text.USB_ReadPMA
                0x00000000080069be       0x9e ./Drivers/STM32F1xx_HAL_Driver/Src/stm32f1xx_ll_usb.o
                0x00000000080069be                USB_ReadPMA
 .text.USBD_CDC_Init
                0x0000000008006a5c       0xf4 ./Middlewares/ST/STM32_USB_Device_Library/Class/CDC/Src/usbd_cdc.o
 .text.USBD_CDC_DeInit
                0x0000000008006b50       0x6e ./Middlewares/ST/STM32_USB_Device_Library/Class/CDC/Src/usbd_cdc.o
 .text.USBD_CDC_Setup
                0x0000000008006bbe      0x146 ./Middlewares/ST/STM32_USB_Device_Library/Class/CDC/Src/usbd_cdc.o
 .text.USBD_CDC_DataIn
                0x0000000008006d04       0xa6 ./Middlewares/ST/STM32_USB_Device_Library/Class/CDC/Src/usbd_cdc.o
 .text.USBD_CDC_DataOut
                0x0000000008006daa       0x56 ./Middlewares/ST/STM32_USB_Device_Library/Class/CDC/Src/usbd_cdc.o
 .text.USBD_CDC_EP0_RxReady
                0x0000000008006e00       0x50 ./Middlewares/ST/STM32_USB_Device_Library/Class/CDC/Src/usbd_cdc.o
 .text.USBD_CDC_GetFSCfgDesc
                0x0000000008006e50       0x20 ./Middlewares/ST/STM32_USB_Device_Library/Class/CDC/Src/usbd_cdc.o
 .text.USBD_CDC_GetHSCfgDesc
                0x0000000008006e70       0x20 ./Middlewares/ST/STM32_USB_Device_Library/Class/CDC/Src/usbd_cdc.o
 .text.USBD_CDC_GetOtherSpeedCfgDesc
                0x0000000008006e90       0x20 ./Middlewares/ST/STM32_USB_Device_Library/Class/CDC/Src/usbd_cdc.o
 .text.USBD_CDC_GetDeviceQualifierDescriptor
                0x0000000008006eb0       0x20 ./Middlewares/ST/STM32_USB_Device_Library/Class/CDC/Src/usbd_cdc.o
                0x0000000008006eb0                USBD_CDC_GetDeviceQualifierDescriptor
 .text.USBD_CDC_RegisterInterface
                0x0000000008006ed0       0x2c ./Middlewares/ST/STM32_USB_Device_Library/Class/CDC/Src/usbd_cdc.o
                0x0000000008006ed0                USBD_CDC_RegisterInterface
 .text.USBD_CDC_SetTxBuffer
                0x0000000008006efc       0x32 ./Middlewares/ST/STM32_USB_Device_Library/Class/CDC/Src/usbd_cdc.o
                0x0000000008006efc                USBD_CDC_SetTxBuffer
 .text.USBD_CDC_SetRxBuffer
                0x0000000008006f2e       0x26 ./Middlewares/ST/STM32_USB_Device_Library/Class/CDC/Src/usbd_cdc.o
                0x0000000008006f2e                USBD_CDC_SetRxBuffer
 .text.USBD_CDC_TransmitPacket
                0x0000000008006f54       0x5e ./Middlewares/ST/STM32_USB_Device_Library/Class/CDC/Src/usbd_cdc.o
                0x0000000008006f54                USBD_CDC_TransmitPacket
 .text.USBD_CDC_ReceivePacket
                0x0000000008006fb2       0x54 ./Middlewares/ST/STM32_USB_Device_Library/Class/CDC/Src/usbd_cdc.o
                0x0000000008006fb2                USBD_CDC_ReceivePacket
 .text.USBD_Init
                0x0000000008007006       0x56 ./Middlewares/ST/STM32_USB_Device_Library/Core/Src/usbd_core.o
                0x0000000008007006                USBD_Init
 .text.USBD_RegisterClass
                0x000000000800705c       0x32 ./Middlewares/ST/STM32_USB_Device_Library/Core/Src/usbd_core.o
                0x000000000800705c                USBD_RegisterClass
 .text.USBD_Start
                0x000000000800708e       0x18 ./Middlewares/ST/STM32_USB_Device_Library/Core/Src/usbd_core.o
                0x000000000800708e                USBD_Start
 .text.USBD_RunTestMode
                0x00000000080070a6       0x14 ./Middlewares/ST/STM32_USB_Device_Library/Core/Src/usbd_core.o
                0x00000000080070a6                USBD_RunTestMode
 .text.USBD_SetClassConfig
                0x00000000080070ba       0x3e ./Middlewares/ST/STM32_USB_Device_Library/Core/Src/usbd_core.o
                0x00000000080070ba                USBD_SetClassConfig
 .text.USBD_ClrClassConfig
                0x00000000080070f8       0x26 ./Middlewares/ST/STM32_USB_Device_Library/Core/Src/usbd_core.o
                0x00000000080070f8                USBD_ClrClassConfig
 .text.USBD_LL_SetupStage
                0x000000000800711e       0x9a ./Middlewares/ST/STM32_USB_Device_Library/Core/Src/usbd_core.o
                0x000000000800711e                USBD_LL_SetupStage
 .text.USBD_LL_DataOutStage
                0x00000000080071b8       0xe2 ./Middlewares/ST/STM32_USB_Device_Library/Core/Src/usbd_core.o
                0x00000000080071b8                USBD_LL_DataOutStage
 .text.USBD_LL_DataInStage
                0x000000000800729a      0x14a ./Middlewares/ST/STM32_USB_Device_Library/Core/Src/usbd_core.o
                0x000000000800729a                USBD_LL_DataInStage
 .text.USBD_LL_Reset
                0x00000000080073e4       0x82 ./Middlewares/ST/STM32_USB_Device_Library/Core/Src/usbd_core.o
                0x00000000080073e4                USBD_LL_Reset
 .text.USBD_LL_SetSpeed
                0x0000000008007466       0x1e ./Middlewares/ST/STM32_USB_Device_Library/Core/Src/usbd_core.o
                0x0000000008007466                USBD_LL_SetSpeed
 .text.USBD_LL_Suspend
                0x0000000008007484       0x28 ./Middlewares/ST/STM32_USB_Device_Library/Core/Src/usbd_core.o
                0x0000000008007484                USBD_LL_Suspend
 .text.USBD_LL_Resume
                0x00000000080074ac       0x2a ./Middlewares/ST/STM32_USB_Device_Library/Core/Src/usbd_core.o
                0x00000000080074ac                USBD_LL_Resume
 .text.USBD_LL_SOF
                0x00000000080074d6       0x34 ./Middlewares/ST/STM32_USB_Device_Library/Core/Src/usbd_core.o
                0x00000000080074d6                USBD_LL_SOF
 *fill*         0x000000000800750a        0x2 
 .text.USBD_StdDevReq
                0x000000000800750c       0xd4 ./Middlewares/ST/STM32_USB_Device_Library/Core/Src/usbd_ctlreq.o
                0x000000000800750c                USBD_StdDevReq
 .text.USBD_StdItfReq
                0x00000000080075e0       0x90 ./Middlewares/ST/STM32_USB_Device_Library/Core/Src/usbd_ctlreq.o
                0x00000000080075e0                USBD_StdItfReq
 .text.USBD_StdEPReq
                0x0000000008007670      0x2c6 ./Middlewares/ST/STM32_USB_Device_Library/Core/Src/usbd_ctlreq.o
                0x0000000008007670                USBD_StdEPReq
 *fill*         0x0000000008007936        0x2 
 .text.USBD_GetDescriptor
                0x0000000008007938      0x2d0 ./Middlewares/ST/STM32_USB_Device_Library/Core/Src/usbd_ctlreq.o
 .text.USBD_SetAddress
                0x0000000008007c08       0x86 ./Middlewares/ST/STM32_USB_Device_Library/Core/Src/usbd_ctlreq.o
 *fill*         0x0000000008007c8e        0x2 
 .text.USBD_SetConfig
                0x0000000008007c90      0x11c ./Middlewares/ST/STM32_USB_Device_Library/Core/Src/usbd_ctlreq.o
 .text.USBD_GetConfig
                0x0000000008007dac       0x6a ./Middlewares/ST/STM32_USB_Device_Library/Core/Src/usbd_ctlreq.o
 .text.USBD_GetStatus
                0x0000000008007e16       0x66 ./Middlewares/ST/STM32_USB_Device_Library/Core/Src/usbd_ctlreq.o
 .text.USBD_SetFeature
                0x0000000008007e7c       0x28 ./Middlewares/ST/STM32_USB_Device_Library/Core/Src/usbd_ctlreq.o
 .text.USBD_ClrFeature
                0x0000000008007ea4       0x42 ./Middlewares/ST/STM32_USB_Device_Library/Core/Src/usbd_ctlreq.o
 .text.USBD_ParseSetupRequest
                0x0000000008007ee6       0x78 ./Middlewares/ST/STM32_USB_Device_Library/Core/Src/usbd_ctlreq.o
                0x0000000008007ee6                USBD_ParseSetupRequest
 .text.USBD_CtlError
                0x0000000008007f5e       0x22 ./Middlewares/ST/STM32_USB_Device_Library/Core/Src/usbd_ctlreq.o
                0x0000000008007f5e                USBD_CtlError
 .text.USBD_GetString
                0x0000000008007f80       0x84 ./Middlewares/ST/STM32_USB_Device_Library/Core/Src/usbd_ctlreq.o
                0x0000000008007f80                USBD_GetString
 .text.USBD_GetLen
                0x0000000008008004       0x2e ./Middlewares/ST/STM32_USB_Device_Library/Core/Src/usbd_ctlreq.o
 .text.USBD_CtlSendData
                0x0000000008008032       0x38 ./Middlewares/ST/STM32_USB_Device_Library/Core/Src/usbd_ioreq.o
                0x0000000008008032                USBD_CtlSendData
 .text.USBD_CtlContinueSendData
                0x000000000800806a       0x24 ./Middlewares/ST/STM32_USB_Device_Library/Core/Src/usbd_ioreq.o
                0x000000000800806a                USBD_CtlContinueSendData
 .text.USBD_CtlPrepareRx
                0x000000000800808e       0x3c ./Middlewares/ST/STM32_USB_Device_Library/Core/Src/usbd_ioreq.o
                0x000000000800808e                USBD_CtlPrepareRx
 .text.USBD_CtlContinueRx
                0x00000000080080ca       0x24 ./Middlewares/ST/STM32_USB_Device_Library/Core/Src/usbd_ioreq.o
                0x00000000080080ca                USBD_CtlContinueRx
 .text.USBD_CtlSendStatus
                0x00000000080080ee       0x26 ./Middlewares/ST/STM32_USB_Device_Library/Core/Src/usbd_ioreq.o
                0x00000000080080ee                USBD_CtlSendStatus
 .text.USBD_CtlReceiveStatus
                0x0000000008008114       0x26 ./Middlewares/ST/STM32_USB_Device_Library/Core/Src/usbd_ioreq.o
                0x0000000008008114                USBD_CtlReceiveStatus
 *fill*         0x000000000800813a        0x2 
 .text.MX_USB_DEVICE_Init
                0x000000000800813c       0x60 ./USB_DEVICE/App/usb_device.o
                0x000000000800813c                MX_USB_DEVICE_Init
 .text.CDC_Init_FS
                0x000000000800819c       0x28 ./USB_DEVICE/App/usbd_cdc_if.o
 .text.CDC_DeInit_FS
                0x00000000080081c4        0xe ./USB_DEVICE/App/usbd_cdc_if.o
 *fill*         0x00000000080081d2        0x2 
 .text.CDC_Control_FS
                0x00000000080081d4       0xbc ./USB_DEVICE/App/usbd_cdc_if.o
 .text.CDC_Receive_FS
                0x0000000008008290       0x28 ./USB_DEVICE/App/usbd_cdc_if.o
 .text.CDC_Transmit_FS
                0x00000000080082b8       0x4c ./USB_DEVICE/App/usbd_cdc_if.o
                0x00000000080082b8                CDC_Transmit_FS
 .text.USBD_FS_DeviceDescriptor
                0x0000000008008304       0x24 ./USB_DEVICE/App/usbd_desc.o
                0x0000000008008304                USBD_FS_DeviceDescriptor
 .text.USBD_FS_LangIDStrDescriptor
                0x0000000008008328       0x24 ./USB_DEVICE/App/usbd_desc.o
                0x0000000008008328                USBD_FS_LangIDStrDescriptor
 .text.USBD_FS_ProductStrDescriptor
                0x000000000800834c       0x3c ./USB_DEVICE/App/usbd_desc.o
                0x000000000800834c                USBD_FS_ProductStrDescriptor
 .text.USBD_FS_ManufacturerStrDescriptor
                0x0000000008008388       0x28 ./USB_DEVICE/App/usbd_desc.o
                0x0000000008008388                USBD_FS_ManufacturerStrDescriptor
 .text.USBD_FS_SerialStrDescriptor
                0x00000000080083b0       0x24 ./USB_DEVICE/App/usbd_desc.o
                0x00000000080083b0                USBD_FS_SerialStrDescriptor
 .text.USBD_FS_ConfigStrDescriptor
                0x00000000080083d4       0x3c ./USB_DEVICE/App/usbd_desc.o
                0x00000000080083d4                USBD_FS_ConfigStrDescriptor
 .text.USBD_FS_InterfaceStrDescriptor
                0x0000000008008410       0x3c ./USB_DEVICE/App/usbd_desc.o
                0x0000000008008410                USBD_FS_InterfaceStrDescriptor
 .text.Get_SerialNum
                0x000000000800844c       0x58 ./USB_DEVICE/App/usbd_desc.o
 .text.IntToUnicode
                0x00000000080084a4       0x7c ./USB_DEVICE/App/usbd_desc.o
 .text.HAL_PCD_MspInit
                0x0000000008008520       0x4c ./USB_DEVICE/Target/usbd_conf.o
                0x0000000008008520                HAL_PCD_MspInit
 .text.HAL_PCD_SetupStageCallback
                0x000000000800856c       0x24 ./USB_DEVICE/Target/usbd_conf.o
                0x000000000800856c                HAL_PCD_SetupStageCallback
 .text.HAL_PCD_DataOutStageCallback
                0x0000000008008590       0x36 ./USB_DEVICE/Target/usbd_conf.o
                0x0000000008008590                HAL_PCD_DataOutStageCallback
 .text.HAL_PCD_DataInStageCallback
                0x00000000080085c6       0x34 ./USB_DEVICE/Target/usbd_conf.o
                0x00000000080085c6                HAL_PCD_DataInStageCallback
 .text.HAL_PCD_SOFCallback
                0x00000000080085fa       0x1c ./USB_DEVICE/Target/usbd_conf.o
                0x00000000080085fa                HAL_PCD_SOFCallback
 .text.HAL_PCD_ResetCallback
                0x0000000008008616       0x3c ./USB_DEVICE/Target/usbd_conf.o
                0x0000000008008616                HAL_PCD_ResetCallback
 *fill*         0x0000000008008652        0x2 
 .text.HAL_PCD_SuspendCallback
                0x0000000008008654       0x34 ./USB_DEVICE/Target/usbd_conf.o
                0x0000000008008654                HAL_PCD_SuspendCallback
 .text.HAL_PCD_ResumeCallback
                0x0000000008008688       0x1c ./USB_DEVICE/Target/usbd_conf.o
                0x0000000008008688                HAL_PCD_ResumeCallback
 .text.USBD_LL_Init
                0x00000000080086a4       0xb4 ./USB_DEVICE/Target/usbd_conf.o
                0x00000000080086a4                USBD_LL_Init
 .text.USBD_LL_Start
                0x0000000008008758       0x36 ./USB_DEVICE/Target/usbd_conf.o
                0x0000000008008758                USBD_LL_Start
 .text.USBD_LL_OpenEP
                0x000000000800878e       0x4c ./USB_DEVICE/Target/usbd_conf.o
                0x000000000800878e                USBD_LL_OpenEP
 .text.USBD_LL_CloseEP
                0x00000000080087da       0x3e ./USB_DEVICE/Target/usbd_conf.o
                0x00000000080087da                USBD_LL_CloseEP
 .text.USBD_LL_StallEP
                0x0000000008008818       0x3e ./USB_DEVICE/Target/usbd_conf.o
                0x0000000008008818                USBD_LL_StallEP
 .text.USBD_LL_ClearStallEP
                0x0000000008008856       0x3e ./USB_DEVICE/Target/usbd_conf.o
                0x0000000008008856                USBD_LL_ClearStallEP
 .text.USBD_LL_IsStallEP
                0x0000000008008894       0x58 ./USB_DEVICE/Target/usbd_conf.o
                0x0000000008008894                USBD_LL_IsStallEP
 .text.USBD_LL_SetUSBAddress
                0x00000000080088ec       0x3e ./USB_DEVICE/Target/usbd_conf.o
                0x00000000080088ec                USBD_LL_SetUSBAddress
 .text.USBD_LL_Transmit
                0x000000000800892a       0x46 ./USB_DEVICE/Target/usbd_conf.o
                0x000000000800892a                USBD_LL_Transmit
 .text.USBD_LL_PrepareReceive
                0x0000000008008970       0x46 ./USB_DEVICE/Target/usbd_conf.o
                0x0000000008008970                USBD_LL_PrepareReceive
 .text.USBD_LL_GetRxDataSize
                0x00000000080089b6       0x26 ./USB_DEVICE/Target/usbd_conf.o
                0x00000000080089b6                USBD_LL_GetRxDataSize
 .text.USBD_static_malloc
                0x00000000080089dc       0x18 ./USB_DEVICE/Target/usbd_conf.o
                0x00000000080089dc                USBD_static_malloc
 .text.USBD_static_free
                0x00000000080089f4       0x12 ./USB_DEVICE/Target/usbd_conf.o
                0x00000000080089f4                USBD_static_free
 .text.HAL_PCDEx_SetConnectionState
                0x0000000008008a06       0x16 ./USB_DEVICE/Target/usbd_conf.o
                0x0000000008008a06                HAL_PCDEx_SetConnectionState
 .text.USBD_Get_USB_Status
                0x0000000008008a1c       0x58 ./USB_DEVICE/Target/usbd_conf.o
 .text.__libc_init_array
                0x0000000008008a74       0x48 c:/st/stm32cubeide_1.10.1/stm32cubeide/plugins/com.st.stm32cube.ide.mcu.externaltools.gnu-tools-for-stm32.10.3-2021.10.win32_1.0.0.202111181127/tools/bin/../lib/gcc/arm-none-eabi/10.3.1/../../../../arm-none-eabi/lib/thumb/v7-m/nofp\libc_nano.a(lib_a-init.o)
                0x0000000008008a74                __libc_init_array
 .text.memcpy   0x0000000008008abc       0x1c c:/st/stm32cubeide_1.10.1/stm32cubeide/plugins/com.st.stm32cube.ide.mcu.externaltools.gnu-tools-for-stm32.10.3-2021.10.win32_1.0.0.202111181127/tools/bin/../lib/gcc/arm-none-eabi/10.3.1/../../../../arm-none-eabi/lib/thumb/v7-m/nofp\libc_nano.a(lib_a-memcpy-stub.o)
                0x0000000008008abc                memcpy
 .text.memset   0x0000000008008ad8       0x10 c:/st/stm32cubeide_1.10.1/stm32cubeide/plugins/com.st.stm32cube.ide.mcu.externaltools.gnu-tools-for-stm32.10.3-2021.10.win32_1.0.0.202111181127/tools/bin/../lib/gcc/arm-none-eabi/10.3.1/../../../../arm-none-eabi/lib/thumb/v7-m/nofp\libc_nano.a(lib_a-memset.o)
                0x0000000008008ad8                memset
 *(.glue_7)
 .glue_7        0x0000000008008ae8        0x0 linker stubs
 *(.glue_7t)
 .glue_7t       0x0000000008008ae8        0x0 linker stubs
 *(.eh_frame)
 .eh_frame      0x0000000008008ae8        0x0 c:/st/stm32cubeide_1.10.1/stm32cubeide/plugins/com.st.stm32cube.ide.mcu.externaltools.gnu-tools-for-stm32.10.3-2021.10.win32_1.0.0.202111181127/tools/bin/../lib/gcc/arm-none-eabi/10.3.1/thumb/v7-m/nofp/crtbegin.o
 *(.init)
 .init          0x0000000008008ae8        0x4 c:/st/stm32cubeide_1.10.1/stm32cubeide/plugins/com.st.stm32cube.ide.mcu.externaltools.gnu-tools-for-stm32.10.3-2021.10.win32_1.0.0.202111181127/tools/bin/../lib/gcc/arm-none-eabi/10.3.1/thumb/v7-m/nofp/crti.o
                0x0000000008008ae8                _init
 .init          0x0000000008008aec        0x8 c:/st/stm32cubeide_1.10.1/stm32cubeide/plugins/com.st.stm32cube.ide.mcu.externaltools.gnu-tools-for-stm32.10.3-2021.10.win32_1.0.0.202111181127/tools/bin/../lib/gcc/arm-none-eabi/10.3.1/thumb/v7-m/nofp/crtn.o
 *(.fini)
 .fini          0x0000000008008af4        0x4 c:/st/stm32cubeide_1.10.1/stm32cubeide/plugins/com.st.stm32cube.ide.mcu.externaltools.gnu-tools-for-stm32.10.3-2021.10.win32_1.0.0.202111181127/tools/bin/../lib/gcc/arm-none-eabi/10.3.1/thumb/v7-m/nofp/crti.o
                0x0000000008008af4                _fini
 .fini          0x0000000008008af8        0x8 c:/st/stm32cubeide_1.10.1/stm32cubeide/plugins/com.st.stm32cube.ide.mcu.externaltools.gnu-tools-for-stm32.10.3-2021.10.win32_1.0.0.202111181127/tools/bin/../lib/gcc/arm-none-eabi/10.3.1/thumb/v7-m/nofp/crtn.o
                0x0000000008008b00                . = ALIGN (0x4)
                0x0000000008008b00                _etext = .

.vfp11_veneer   0x0000000008008b00        0x0
 .vfp11_veneer  0x0000000008008b00        0x0 linker stubs

.v4_bx          0x0000000008008b00        0x0
 .v4_bx         0x0000000008008b00        0x0 linker stubs

.iplt           0x0000000008008b00        0x0
 .iplt          0x0000000008008b00        0x0 c:/st/stm32cubeide_1.10.1/stm32cubeide/plugins/com.st.stm32cube.ide.mcu.externaltools.gnu-tools-for-stm32.10.3-2021.10.win32_1.0.0.202111181127/tools/bin/../lib/gcc/arm-none-eabi/10.3.1/thumb/v7-m/nofp/crtbegin.o

.rodata         0x0000000008008b00       0x84
                0x0000000008008b00                . = ALIGN (0x4)
 *(.rodata)
 .rodata        0x0000000008008b00       0x10 ./Drivers/STM32F1xx_HAL_Driver/Src/stm32f1xx_hal_rcc.o
 .rodata        0x0000000008008b10       0x46 ./USB_DEVICE/App/usbd_desc.o
 *(.rodata*)
 *fill*         0x0000000008008b56        0x2 
 .rodata.SX1278_Frequency
                0x0000000008008b58        0x3 ./Core/Src/SX1278.o
 *fill*         0x0000000008008b5b        0x1 
 .rodata.SX1278_Power
                0x0000000008008b5c        0x4 ./Core/Src/SX1278.o
 .rodata.SX1278_SpreadFactor
                0x0000000008008b60        0x7 ./Core/Src/SX1278.o
 *fill*         0x0000000008008b67        0x1 
 .rodata.SX1278_LoRaBandwidth
                0x0000000008008b68        0xa ./Core/Src/SX1278.o
 *fill*         0x0000000008008b72        0x2 
 .rodata.AHBPrescTable
                0x0000000008008b74       0x10 ./Core/Src/system_stm32f1xx.o
                0x0000000008008b74                AHBPrescTable
                0x0000000008008b84                . = ALIGN (0x4)

.rel.dyn        0x0000000008008b84        0x0
 .rel.iplt      0x0000000008008b84        0x0 c:/st/stm32cubeide_1.10.1/stm32cubeide/plugins/com.st.stm32cube.ide.mcu.externaltools.gnu-tools-for-stm32.10.3-2021.10.win32_1.0.0.202111181127/tools/bin/../lib/gcc/arm-none-eabi/10.3.1/thumb/v7-m/nofp/crtbegin.o

.ARM.extab      0x0000000008008b84        0x0
                0x0000000008008b84                . = ALIGN (0x4)
 *(.ARM.extab* .gnu.linkonce.armextab.*)
                0x0000000008008b84                . = ALIGN (0x4)

.ARM            0x0000000008008b84        0x0
                0x0000000008008b84                . = ALIGN (0x4)
                0x0000000008008b84                __exidx_start = .
 *(.ARM.exidx*)
                0x0000000008008b84                __exidx_end = .
                0x0000000008008b84                . = ALIGN (0x4)

.preinit_array  0x0000000008008b84        0x0
                0x0000000008008b84                . = ALIGN (0x4)
                0x0000000008008b84                PROVIDE (__preinit_array_start = .)
 *(.preinit_array*)
                0x0000000008008b84                PROVIDE (__preinit_array_end = .)
                0x0000000008008b84                . = ALIGN (0x4)

.init_array     0x0000000008008b84        0x4
                0x0000000008008b84                . = ALIGN (0x4)
                0x0000000008008b84                PROVIDE (__init_array_start = .)
 *(SORT_BY_NAME(.init_array.*))
 *(.init_array*)
 .init_array    0x0000000008008b84        0x4 c:/st/stm32cubeide_1.10.1/stm32cubeide/plugins/com.st.stm32cube.ide.mcu.externaltools.gnu-tools-for-stm32.10.3-2021.10.win32_1.0.0.202111181127/tools/bin/../lib/gcc/arm-none-eabi/10.3.1/thumb/v7-m/nofp/crtbegin.o
                0x0000000008008b88                PROVIDE (__init_array_end = .)
                0x0000000008008b88                . = ALIGN (0x4)

.fini_array     0x0000000008008b88        0x4
                0x0000000008008b88                . = ALIGN (0x4)
                [!provide]                        PROVIDE (__fini_array_start = .)
 *(SORT_BY_NAME(.fini_array.*))
 *(.fini_array*)
 .fini_array    0x0000000008008b88        0x4 c:/st/stm32cubeide_1.10.1/stm32cubeide/plugins/com.st.stm32cube.ide.mcu.externaltools.gnu-tools-for-stm32.10.3-2021.10.win32_1.0.0.202111181127/tools/bin/../lib/gcc/arm-none-eabi/10.3.1/thumb/v7-m/nofp/crtbegin.o
                [!provide]                        PROVIDE (__fini_array_end = .)
                0x0000000008008b8c                . = ALIGN (0x4)
                0x0000000008008b8c                _sidata = LOADADDR (.data)

.data           0x0000000020000000      0x17c load address 0x0000000008008b8c
                0x0000000020000000                . = ALIGN (0x4)
                0x0000000020000000                _sdata = .
 *(.data)
 *(.data*)
 .data.SystemCoreClock
                0x0000000020000000        0x4 ./Core/Src/system_stm32f1xx.o
                0x0000000020000000                SystemCoreClock
 .data.uwTickPrio
                0x0000000020000004        0x4 ./Drivers/STM32F1xx_HAL_Driver/Src/stm32f1xx_hal.o
                0x0000000020000004                uwTickPrio
 .data.uwTickFreq
                0x0000000020000008        0x1 ./Drivers/STM32F1xx_HAL_Driver/Src/stm32f1xx_hal.o
                0x0000000020000008                uwTickFreq
 *fill*         0x0000000020000009        0x3 
 .data.USBD_CDC_DeviceQualifierDesc
                0x000000002000000c        0xa ./Middlewares/ST/STM32_USB_Device_Library/Class/CDC/Src/usbd_cdc.o
 *fill*         0x0000000020000016        0x2 
 .data.USBD_CDC
                0x0000000020000018       0x38 ./Middlewares/ST/STM32_USB_Device_Library/Class/CDC/Src/usbd_cdc.o
                0x0000000020000018                USBD_CDC
 .data.USBD_CDC_CfgHSDesc
                0x0000000020000050       0x43 ./Middlewares/ST/STM32_USB_Device_Library/Class/CDC/Src/usbd_cdc.o
                0x0000000020000050                USBD_CDC_CfgHSDesc
 *fill*         0x0000000020000093        0x1 
 .data.USBD_CDC_CfgFSDesc
                0x0000000020000094       0x43 ./Middlewares/ST/STM32_USB_Device_Library/Class/CDC/Src/usbd_cdc.o
                0x0000000020000094                USBD_CDC_CfgFSDesc
 *fill*         0x00000000200000d7        0x1 
 .data.USBD_CDC_OtherSpeedCfgDesc
                0x00000000200000d8       0x43 ./Middlewares/ST/STM32_USB_Device_Library/Class/CDC/Src/usbd_cdc.o
                0x00000000200000d8                USBD_CDC_OtherSpeedCfgDesc
 *fill*         0x000000002000011b        0x1 
 .data.USBD_Interface_fops_FS
                0x000000002000011c       0x10 ./USB_DEVICE/App/usbd_cdc_if.o
                0x000000002000011c                USBD_Interface_fops_FS
 .data.FS_Desc  0x000000002000012c       0x1c ./USB_DEVICE/App/usbd_desc.o
                0x000000002000012c                FS_Desc
 .data.USBD_FS_DeviceDesc
                0x0000000020000148       0x12 ./USB_DEVICE/App/usbd_desc.o
                0x0000000020000148                USBD_FS_DeviceDesc
 *fill*         0x000000002000015a        0x2 
 .data.USBD_LangIDDesc
                0x000000002000015c        0x4 ./USB_DEVICE/App/usbd_desc.o
                0x000000002000015c                USBD_LangIDDesc
 .data.USBD_StringSerial
                0x0000000020000160       0x1a ./USB_DEVICE/App/usbd_desc.o
                0x0000000020000160                USBD_StringSerial
 *(.RamFunc)
 *(.RamFunc*)
                0x000000002000017c                . = ALIGN (0x4)
 *fill*         0x000000002000017a        0x2 
                0x000000002000017c                _edata = .

.igot.plt       0x000000002000017c        0x0 load address 0x0000000008008d08
 .igot.plt      0x000000002000017c        0x0 c:/st/stm32cubeide_1.10.1/stm32cubeide/plugins/com.st.stm32cube.ide.mcu.externaltools.gnu-tools-for-stm32.10.3-2021.10.win32_1.0.0.202111181127/tools/bin/../lib/gcc/arm-none-eabi/10.3.1/thumb/v7-m/nofp/crtbegin.o
                0x000000002000017c                . = ALIGN (0x4)

.bss            0x000000002000017c     0x1748 load address 0x0000000008008d08
                0x000000002000017c                _sbss = .
                0x000000002000017c                __bss_start__ = _sbss
 *(.bss)
 .bss           0x000000002000017c       0x1c c:/st/stm32cubeide_1.10.1/stm32cubeide/plugins/com.st.stm32cube.ide.mcu.externaltools.gnu-tools-for-stm32.10.3-2021.10.win32_1.0.0.202111181127/tools/bin/../lib/gcc/arm-none-eabi/10.3.1/thumb/v7-m/nofp/crtbegin.o
 *(.bss*)
 .bss.SX1278_hw
                0x0000000020000198       0x1c ./Core/Src/main.o
                0x0000000020000198                SX1278_hw
 .bss.SX1278    0x00000000200001b4      0x10c ./Core/Src/main.o
                0x00000000200001b4                SX1278
 .bss.ret       0x00000000200002c0        0x4 ./Core/Src/main.o
                0x00000000200002c0                ret
 .bss.buffer    0x00000000200002c4      0x400 ./Core/Src/main.o
                0x00000000200002c4                buffer
 .bss.hspi1     0x00000000200006c4       0x58 ./Core/Src/spi.o
                0x00000000200006c4                hspi1
 .bss.uwTick    0x000000002000071c        0x4 ./Drivers/STM32F1xx_HAL_Driver/Src/stm32f1xx_hal.o
                0x000000002000071c                uwTick
 .bss.cfgidx.0  0x0000000020000720        0x1 ./Middlewares/ST/STM32_USB_Device_Library/Core/Src/usbd_ctlreq.o
 *fill*         0x0000000020000721        0x3 
 .bss.hUsbDeviceFS
                0x0000000020000724      0x2c4 ./USB_DEVICE/App/usb_device.o
                0x0000000020000724                hUsbDeviceFS
 .bss.UserRxBufferFS
                0x00000000200009e8      0x3e8 ./USB_DEVICE/App/usbd_cdc_if.o
                0x00000000200009e8                UserRxBufferFS
 .bss.UserTxBufferFS
                0x0000000020000dd0      0x3e8 ./USB_DEVICE/App/usbd_cdc_if.o
                0x0000000020000dd0                UserTxBufferFS
 .bss.USBD_StrDesc
                0x00000000200011b8      0x200 ./USB_DEVICE/App/usbd_desc.o
                0x00000000200011b8                USBD_StrDesc
 .bss.hpcd_USB_FS
                0x00000000200013b8      0x2ec ./USB_DEVICE/Target/usbd_conf.o
                0x00000000200013b8                hpcd_USB_FS
 .bss.mem.0     0x00000000200016a4      0x220 ./USB_DEVICE/Target/usbd_conf.o
 *(COMMON)
                0x00000000200018c4                . = ALIGN (0x4)
                0x00000000200018c4                _ebss = .
                0x00000000200018c4                __bss_end__ = _ebss

._user_heap_stack
                0x00000000200018c4      0x604 load address 0x0000000008008d08
                0x00000000200018c8                . = ALIGN (0x8)
 *fill*         0x00000000200018c4        0x4 
                [!provide]                        PROVIDE (end = .)
                0x00000000200018c8                PROVIDE (_end = .)
                0x0000000020001ac8                . = (. + _Min_Heap_Size)
 *fill*         0x00000000200018c8      0x200 
                0x0000000020001ec8                . = (. + _Min_Stack_Size)
 *fill*         0x0000000020001ac8      0x400 
                0x0000000020001ec8                . = ALIGN (0x8)

/DISCARD/
 libc.a(*)
 libm.a(*)
 libgcc.a(*)

.ARM.attributes
                0x0000000000000000       0x29
 *(.ARM.attributes)
 .ARM.attributes
                0x0000000000000000       0x1d c:/st/stm32cubeide_1.10.1/stm32cubeide/plugins/com.st.stm32cube.ide.mcu.externaltools.gnu-tools-for-stm32.10.3-2021.10.win32_1.0.0.202111181127/tools/bin/../lib/gcc/arm-none-eabi/10.3.1/thumb/v7-m/nofp/crti.o
 .ARM.attributes
                0x000000000000001d       0x2d c:/st/stm32cubeide_1.10.1/stm32cubeide/plugins/com.st.stm32cube.ide.mcu.externaltools.gnu-tools-for-stm32.10.3-2021.10.win32_1.0.0.202111181127/tools/bin/../lib/gcc/arm-none-eabi/10.3.1/thumb/v7-m/nofp/crtbegin.o
 .ARM.attributes
                0x000000000000004a       0x2d ./Core/Src/SX1278.o
 .ARM.attributes
                0x0000000000000077       0x2d ./Core/Src/gpio.o
 .ARM.attributes
                0x00000000000000a4       0x2d ./Core/Src/main.o
 .ARM.attributes
                0x00000000000000d1       0x2d ./Core/Src/spi.o
 .ARM.attributes
                0x00000000000000fe       0x2d ./Core/Src/stm32f1xx_hal_msp.o
 .ARM.attributes
                0x000000000000012b       0x2d ./Core/Src/stm32f1xx_it.o
 .ARM.attributes
                0x0000000000000158       0x2d ./Core/Src/system_stm32f1xx.o
 .ARM.attributes
                0x0000000000000185       0x21 ./Core/Startup/startup_stm32f103c8tx.o
 .ARM.attributes
                0x00000000000001a6       0x2d ./Drivers/STM32F1xx_HAL_Driver/Src/stm32f1xx_hal.o
 .ARM.attributes
                0x00000000000001d3       0x2d ./Drivers/STM32F1xx_HAL_Driver/Src/stm32f1xx_hal_cortex.o
 .ARM.attributes
                0x0000000000000200       0x2d ./Drivers/STM32F1xx_HAL_Driver/Src/stm32f1xx_hal_gpio.o
 .ARM.attributes
                0x000000000000022d       0x2d ./Drivers/STM32F1xx_HAL_Driver/Src/stm32f1xx_hal_pcd.o
 .ARM.attributes
                0x000000000000025a       0x2d ./Drivers/STM32F1xx_HAL_Driver/Src/stm32f1xx_hal_pcd_ex.o
 .ARM.attributes
                0x0000000000000287       0x2d ./Drivers/STM32F1xx_HAL_Driver/Src/stm32f1xx_hal_rcc.o
 .ARM.attributes
                0x00000000000002b4       0x2d ./Drivers/STM32F1xx_HAL_Driver/Src/stm32f1xx_hal_rcc_ex.o
 .ARM.attributes
                0x00000000000002e1       0x2d ./Drivers/STM32F1xx_HAL_Driver/Src/stm32f1xx_hal_spi.o
 .ARM.attributes
                0x000000000000030e       0x2d ./Drivers/STM32F1xx_HAL_Driver/Src/stm32f1xx_ll_usb.o
 .ARM.attributes
                0x000000000000033b       0x2d ./Middlewares/ST/STM32_USB_Device_Library/Class/CDC/Src/usbd_cdc.o
 .ARM.attributes
                0x0000000000000368       0x2d ./Middlewares/ST/STM32_USB_Device_Library/Core/Src/usbd_core.o
 .ARM.attributes
                0x0000000000000395       0x2d ./Middlewares/ST/STM32_USB_Device_Library/Core/Src/usbd_ctlreq.o
 .ARM.attributes
                0x00000000000003c2       0x2d ./Middlewares/ST/STM32_USB_Device_Library/Core/Src/usbd_ioreq.o
 .ARM.attributes
                0x00000000000003ef       0x2d ./USB_DEVICE/App/usb_device.o
 .ARM.attributes
                0x000000000000041c       0x2d ./USB_DEVICE/App/usbd_cdc_if.o
 .ARM.attributes
                0x0000000000000449       0x2d ./USB_DEVICE/App/usbd_desc.o
 .ARM.attributes
                0x0000000000000476       0x2d ./USB_DEVICE/Target/usbd_conf.o
 .ARM.attributes
                0x00000000000004a3       0x2d c:/st/stm32cubeide_1.10.1/stm32cubeide/plugins/com.st.stm32cube.ide.mcu.externaltools.gnu-tools-for-stm32.10.3-2021.10.win32_1.0.0.202111181127/tools/bin/../lib/gcc/arm-none-eabi/10.3.1/../../../../arm-none-eabi/lib/thumb/v7-m/nofp\libc_nano.a(lib_a-init.o)
 .ARM.attributes
                0x00000000000004d0       0x2d c:/st/stm32cubeide_1.10.1/stm32cubeide/plugins/com.st.stm32cube.ide.mcu.externaltools.gnu-tools-for-stm32.10.3-2021.10.win32_1.0.0.202111181127/tools/bin/../lib/gcc/arm-none-eabi/10.3.1/../../../../arm-none-eabi/lib/thumb/v7-m/nofp\libc_nano.a(lib_a-memcpy-stub.o)
 .ARM.attributes
                0x00000000000004fd       0x2d c:/st/stm32cubeide_1.10.1/stm32cubeide/plugins/com.st.stm32cube.ide.mcu.externaltools.gnu-tools-for-stm32.10.3-2021.10.win32_1.0.0.202111181127/tools/bin/../lib/gcc/arm-none-eabi/10.3.1/../../../../arm-none-eabi/lib/thumb/v7-m/nofp\libc_nano.a(lib_a-memset.o)
 .ARM.attributes
                0x000000000000052a       0x17 c:/st/stm32cubeide_1.10.1/stm32cubeide/plugins/com.st.stm32cube.ide.mcu.externaltools.gnu-tools-for-stm32.10.3-2021.10.win32_1.0.0.202111181127/tools/bin/../lib/gcc/arm-none-eabi/10.3.1/../../../../arm-none-eabi/lib/thumb/v7-m/nofp\libc_nano.a(lib_a-strlen.o)
 .ARM.attributes
                0x0000000000000541       0x1d c:/st/stm32cubeide_1.10.1/stm32cubeide/plugins/com.st.stm32cube.ide.mcu.externaltools.gnu-tools-for-stm32.10.3-2021.10.win32_1.0.0.202111181127/tools/bin/../lib/gcc/arm-none-eabi/10.3.1/thumb/v7-m/nofp/crtn.o
OUTPUT(receiver.elf elf32-littlearm)
LOAD linker stubs
LOAD c:/st/stm32cubeide_1.10.1/stm32cubeide/plugins/com.st.stm32cube.ide.mcu.externaltools.gnu-tools-for-stm32.10.3-2021.10.win32_1.0.0.202111181127/tools/bin/../lib/gcc/arm-none-eabi/10.3.1/../../../../arm-none-eabi/lib/thumb/v7-m/nofp\libc.a
LOAD c:/st/stm32cubeide_1.10.1/stm32cubeide/plugins/com.st.stm32cube.ide.mcu.externaltools.gnu-tools-for-stm32.10.3-2021.10.win32_1.0.0.202111181127/tools/bin/../lib/gcc/arm-none-eabi/10.3.1/../../../../arm-none-eabi/lib/thumb/v7-m/nofp\libm.a
LOAD c:/st/stm32cubeide_1.10.1/stm32cubeide/plugins/com.st.stm32cube.ide.mcu.externaltools.gnu-tools-for-stm32.10.3-2021.10.win32_1.0.0.202111181127/tools/bin/../lib/gcc/arm-none-eabi/10.3.1/thumb/v7-m/nofp\libgcc.a

.debug_info     0x0000000000000000    0x100bd
 .debug_info    0x0000000000000000     0x1098 ./Core/Src/SX1278.o
 .debug_info    0x0000000000001098      0x30b ./Core/Src/gpio.o
 .debug_info    0x00000000000013a3      0xf27 ./Core/Src/main.o
 .debug_info    0x00000000000022ca      0x82a ./Core/Src/spi.o
 .debug_info    0x0000000000002af4      0x210 ./Core/Src/stm32f1xx_hal_msp.o
 .debug_info    0x0000000000002d04      0x661 ./Core/Src/stm32f1xx_it.o
 .debug_info    0x0000000000003365      0x23d ./Core/Src/system_stm32f1xx.o
 .debug_info    0x00000000000035a2       0x22 ./Core/Startup/startup_stm32f103c8tx.o
 .debug_info    0x00000000000035c4      0x734 ./Drivers/STM32F1xx_HAL_Driver/Src/stm32f1xx_hal.o
 .debug_info    0x0000000000003cf8      0xb20 ./Drivers/STM32F1xx_HAL_Driver/Src/stm32f1xx_hal_cortex.o
 .debug_info    0x0000000000004818      0x615 ./Drivers/STM32F1xx_HAL_Driver/Src/stm32f1xx_hal_gpio.o
 .debug_info    0x0000000000004e2d     0x16ab ./Drivers/STM32F1xx_HAL_Driver/Src/stm32f1xx_hal_pcd.o
 .debug_info    0x00000000000064d8      0x728 ./Drivers/STM32F1xx_HAL_Driver/Src/stm32f1xx_hal_pcd_ex.o
 .debug_info    0x0000000000006c00      0x860 ./Drivers/STM32F1xx_HAL_Driver/Src/stm32f1xx_hal_rcc.o
 .debug_info    0x0000000000007460      0x3e0 ./Drivers/STM32F1xx_HAL_Driver/Src/stm32f1xx_hal_rcc_ex.o
 .debug_info    0x0000000000007840     0x1658 ./Drivers/STM32F1xx_HAL_Driver/Src/stm32f1xx_hal_spi.o
 .debug_info    0x0000000000008e98     0x190d ./Drivers/STM32F1xx_HAL_Driver/Src/stm32f1xx_ll_usb.o
 .debug_info    0x000000000000a7a5     0x10f1 ./Middlewares/ST/STM32_USB_Device_Library/Class/CDC/Src/usbd_cdc.o
 .debug_info    0x000000000000b896      0xb02 ./Middlewares/ST/STM32_USB_Device_Library/Core/Src/usbd_core.o
 .debug_info    0x000000000000c398      0x9b6 ./Middlewares/ST/STM32_USB_Device_Library/Core/Src/usbd_ctlreq.o
 .debug_info    0x000000000000cd4e      0x715 ./Middlewares/ST/STM32_USB_Device_Library/Core/Src/usbd_ioreq.o
 .debug_info    0x000000000000d463      0x679 ./USB_DEVICE/App/usb_device.o
 .debug_info    0x000000000000dadc      0x828 ./USB_DEVICE/App/usbd_cdc_if.o
 .debug_info    0x000000000000e304      0x484 ./USB_DEVICE/App/usbd_desc.o
 .debug_info    0x000000000000e788     0x1935 ./USB_DEVICE/Target/usbd_conf.o

.debug_abbrev   0x0000000000000000     0x31af
 .debug_abbrev  0x0000000000000000      0x2b2 ./Core/Src/SX1278.o
 .debug_abbrev  0x00000000000002b2      0x134 ./Core/Src/gpio.o
 .debug_abbrev  0x00000000000003e6      0x36e ./Core/Src/main.o
 .debug_abbrev  0x0000000000000754      0x1ce ./Core/Src/spi.o
 .debug_abbrev  0x0000000000000922       0xd4 ./Core/Src/stm32f1xx_hal_msp.o
 .debug_abbrev  0x00000000000009f6      0x188 ./Core/Src/stm32f1xx_it.o
 .debug_abbrev  0x0000000000000b7e      0x13b ./Core/Src/system_stm32f1xx.o
 .debug_abbrev  0x0000000000000cb9       0x12 ./Core/Startup/startup_stm32f103c8tx.o
 .debug_abbrev  0x0000000000000ccb      0x1fb ./Drivers/STM32F1xx_HAL_Driver/Src/stm32f1xx_hal.o
 .debug_abbrev  0x0000000000000ec6      0x2ed ./Drivers/STM32F1xx_HAL_Driver/Src/stm32f1xx_hal_cortex.o
 .debug_abbrev  0x00000000000011b3      0x1bb ./Drivers/STM32F1xx_HAL_Driver/Src/stm32f1xx_hal_gpio.o
 .debug_abbrev  0x000000000000136e      0x2b9 ./Drivers/STM32F1xx_HAL_Driver/Src/stm32f1xx_hal_pcd.o
 .debug_abbrev  0x0000000000001627      0x17f ./Drivers/STM32F1xx_HAL_Driver/Src/stm32f1xx_hal_pcd_ex.o
 .debug_abbrev  0x00000000000017a6      0x2a8 ./Drivers/STM32F1xx_HAL_Driver/Src/stm32f1xx_hal_rcc.o
 .debug_abbrev  0x0000000000001a4e      0x182 ./Drivers/STM32F1xx_HAL_Driver/Src/stm32f1xx_hal_rcc_ex.o
 .debug_abbrev  0x0000000000001bd0      0x26e ./Drivers/STM32F1xx_HAL_Driver/Src/stm32f1xx_hal_spi.o
 .debug_abbrev  0x0000000000001e3e      0x1cd ./Drivers/STM32F1xx_HAL_Driver/Src/stm32f1xx_ll_usb.o
 .debug_abbrev  0x000000000000200b      0x2c0 ./Middlewares/ST/STM32_USB_Device_Library/Class/CDC/Src/usbd_cdc.o
 .debug_abbrev  0x00000000000022cb      0x236 ./Middlewares/ST/STM32_USB_Device_Library/Core/Src/usbd_core.o
 .debug_abbrev  0x0000000000002501      0x257 ./Middlewares/ST/STM32_USB_Device_Library/Core/Src/usbd_ctlreq.o
 .debug_abbrev  0x0000000000002758      0x183 ./Middlewares/ST/STM32_USB_Device_Library/Core/Src/usbd_ioreq.o
 .debug_abbrev  0x00000000000028db      0x183 ./USB_DEVICE/App/usb_device.o
 .debug_abbrev  0x0000000000002a5e      0x252 ./USB_DEVICE/App/usbd_cdc_if.o
 .debug_abbrev  0x0000000000002cb0      0x1fa ./USB_DEVICE/App/usbd_desc.o
 .debug_abbrev  0x0000000000002eaa      0x305 ./USB_DEVICE/Target/usbd_conf.o

.debug_aranges  0x0000000000000000      0xd80
 .debug_aranges
                0x0000000000000000       0xf8 ./Core/Src/SX1278.o
 .debug_aranges
                0x00000000000000f8       0x20 ./Core/Src/gpio.o
 .debug_aranges
                0x0000000000000118       0x40 ./Core/Src/main.o
 .debug_aranges
                0x0000000000000158       0x30 ./Core/Src/spi.o
 .debug_aranges
                0x0000000000000188       0x20 ./Core/Src/stm32f1xx_hal_msp.o
 .debug_aranges
                0x00000000000001a8       0x68 ./Core/Src/stm32f1xx_it.o
 .debug_aranges
                0x0000000000000210       0x28 ./Core/Src/system_stm32f1xx.o
 .debug_aranges
                0x0000000000000238       0x28 ./Core/Startup/startup_stm32f103c8tx.o
 .debug_aranges
                0x0000000000000260       0xe0 ./Drivers/STM32F1xx_HAL_Driver/Src/stm32f1xx_hal.o
 .debug_aranges
                0x0000000000000340      0x100 ./Drivers/STM32F1xx_HAL_Driver/Src/stm32f1xx_hal_cortex.o
 .debug_aranges
                0x0000000000000440       0x58 ./Drivers/STM32F1xx_HAL_Driver/Src/stm32f1xx_hal_gpio.o
 .debug_aranges
                0x0000000000000498      0x138 ./Drivers/STM32F1xx_HAL_Driver/Src/stm32f1xx_hal_pcd.o
 .debug_aranges
                0x00000000000005d0       0x38 ./Drivers/STM32F1xx_HAL_Driver/Src/stm32f1xx_hal_pcd_ex.o
 .debug_aranges
                0x0000000000000608       0x90 ./Drivers/STM32F1xx_HAL_Driver/Src/stm32f1xx_hal_rcc.o
 .debug_aranges
                0x0000000000000698       0x30 ./Drivers/STM32F1xx_HAL_Driver/Src/stm32f1xx_hal_rcc_ex.o
 .debug_aranges
                0x00000000000006c8      0x1d0 ./Drivers/STM32F1xx_HAL_Driver/Src/stm32f1xx_hal_spi.o
 .debug_aranges
                0x0000000000000898       0xf0 ./Drivers/STM32F1xx_HAL_Driver/Src/stm32f1xx_ll_usb.o
 .debug_aranges
                0x0000000000000988       0x90 ./Middlewares/ST/STM32_USB_Device_Library/Class/CDC/Src/usbd_cdc.o
 .debug_aranges
                0x0000000000000a18       0xb8 ./Middlewares/ST/STM32_USB_Device_Library/Core/Src/usbd_core.o
 .debug_aranges
                0x0000000000000ad0       0x88 ./Middlewares/ST/STM32_USB_Device_Library/Core/Src/usbd_ctlreq.o
 .debug_aranges
                0x0000000000000b58       0x50 ./Middlewares/ST/STM32_USB_Device_Library/Core/Src/usbd_ioreq.o
 .debug_aranges
                0x0000000000000ba8       0x20 ./USB_DEVICE/App/usb_device.o
 .debug_aranges
                0x0000000000000bc8       0x40 ./USB_DEVICE/App/usbd_cdc_if.o
 .debug_aranges
                0x0000000000000c08       0x60 ./USB_DEVICE/App/usbd_desc.o
 .debug_aranges
                0x0000000000000c68      0x118 ./USB_DEVICE/Target/usbd_conf.o

.debug_ranges   0x0000000000000000      0xbf8
 .debug_ranges  0x0000000000000000       0xe8 ./Core/Src/SX1278.o
 .debug_ranges  0x00000000000000e8       0x10 ./Core/Src/gpio.o
 .debug_ranges  0x00000000000000f8       0x30 ./Core/Src/main.o
 .debug_ranges  0x0000000000000128       0x20 ./Core/Src/spi.o
 .debug_ranges  0x0000000000000148       0x10 ./Core/Src/stm32f1xx_hal_msp.o
 .debug_ranges  0x0000000000000158       0x58 ./Core/Src/stm32f1xx_it.o
 .debug_ranges  0x00000000000001b0       0x18 ./Core/Src/system_stm32f1xx.o
 .debug_ranges  0x00000000000001c8       0x20 ./Core/Startup/startup_stm32f103c8tx.o
 .debug_ranges  0x00000000000001e8       0xd0 ./Drivers/STM32F1xx_HAL_Driver/Src/stm32f1xx_hal.o
 .debug_ranges  0x00000000000002b8       0xf0 ./Drivers/STM32F1xx_HAL_Driver/Src/stm32f1xx_hal_cortex.o
 .debug_ranges  0x00000000000003a8       0x48 ./Drivers/STM32F1xx_HAL_Driver/Src/stm32f1xx_hal_gpio.o
 .debug_ranges  0x00000000000003f0      0x128 ./Drivers/STM32F1xx_HAL_Driver/Src/stm32f1xx_hal_pcd.o
 .debug_ranges  0x0000000000000518       0x28 ./Drivers/STM32F1xx_HAL_Driver/Src/stm32f1xx_hal_pcd_ex.o
 .debug_ranges  0x0000000000000540       0x80 ./Drivers/STM32F1xx_HAL_Driver/Src/stm32f1xx_hal_rcc.o
 .debug_ranges  0x00000000000005c0       0x20 ./Drivers/STM32F1xx_HAL_Driver/Src/stm32f1xx_hal_rcc_ex.o
 .debug_ranges  0x00000000000005e0      0x1c0 ./Drivers/STM32F1xx_HAL_Driver/Src/stm32f1xx_hal_spi.o
 .debug_ranges  0x00000000000007a0       0xe0 ./Drivers/STM32F1xx_HAL_Driver/Src/stm32f1xx_ll_usb.o
 .debug_ranges  0x0000000000000880       0x80 ./Middlewares/ST/STM32_USB_Device_Library/Class/CDC/Src/usbd_cdc.o
 .debug_ranges  0x0000000000000900       0xa8 ./Middlewares/ST/STM32_USB_Device_Library/Core/Src/usbd_core.o
 .debug_ranges  0x00000000000009a8       0x78 ./Middlewares/ST/STM32_USB_Device_Library/Core/Src/usbd_ctlreq.o
 .debug_ranges  0x0000000000000a20       0x40 ./Middlewares/ST/STM32_USB_Device_Library/Core/Src/usbd_ioreq.o
 .debug_ranges  0x0000000000000a60       0x10 ./USB_DEVICE/App/usb_device.o
 .debug_ranges  0x0000000000000a70       0x30 ./USB_DEVICE/App/usbd_cdc_if.o
 .debug_ranges  0x0000000000000aa0       0x50 ./USB_DEVICE/App/usbd_desc.o
 .debug_ranges  0x0000000000000af0      0x108 ./USB_DEVICE/Target/usbd_conf.o

.debug_macro    0x0000000000000000    0x1a528
 .debug_macro   0x0000000000000000      0x2bb ./Core/Src/SX1278.o
 .debug_macro   0x00000000000002bb      0xa6c ./Core/Src/SX1278.o
 .debug_macro   0x0000000000000d27       0x22 ./Core/Src/SX1278.o
 .debug_macro   0x0000000000000d49       0x8e ./Core/Src/SX1278.o
 .debug_macro   0x0000000000000dd7       0x51 ./Core/Src/SX1278.o
 .debug_macro   0x0000000000000e28      0x103 ./Core/Src/SX1278.o
 .debug_macro   0x0000000000000f2b       0x6a ./Core/Src/SX1278.o
 .debug_macro   0x0000000000000f95      0x1df ./Core/Src/SX1278.o
 .debug_macro   0x0000000000001174       0x22 ./Core/Src/SX1278.o
 .debug_macro   0x0000000000001196      0x38b ./Core/Src/SX1278.o
 .debug_macro   0x0000000000001521       0x52 ./Core/Src/SX1278.o
 .debug_macro   0x0000000000001573       0x18 ./Core/Src/SX1278.o
 .debug_macro   0x000000000000158b       0x3c ./Core/Src/SX1278.o
 .debug_macro   0x00000000000015c7       0x34 ./Core/Src/SX1278.o
 .debug_macro   0x00000000000015fb      0x174 ./Core/Src/SX1278.o
 .debug_macro   0x000000000000176f       0x16 ./Core/Src/SX1278.o
 .debug_macro   0x0000000000001785       0x43 ./Core/Src/SX1278.o
 .debug_macro   0x00000000000017c8       0x34 ./Core/Src/SX1278.o
 .debug_macro   0x00000000000017fc       0x10 ./Core/Src/SX1278.o
 .debug_macro   0x000000000000180c       0x58 ./Core/Src/SX1278.o
 .debug_macro   0x0000000000001864       0x71 ./Core/Src/SX1278.o
 .debug_macro   0x00000000000018d5       0x1c ./Core/Src/SX1278.o
 .debug_macro   0x00000000000018f1      0x12a ./Core/Src/SX1278.o
 .debug_macro   0x0000000000001a1b      0x341 ./Core/Src/SX1278.o
 .debug_macro   0x0000000000001d5c       0x10 ./Core/Src/SX1278.o
 .debug_macro   0x0000000000001d6c       0x35 ./Core/Src/SX1278.o
 .debug_macro   0x0000000000001da1       0x20 ./Core/Src/SX1278.o
 .debug_macro   0x0000000000001dc1      0x21b ./Core/Src/SX1278.o
 .debug_macro   0x0000000000001fdc       0x2e ./Core/Src/SX1278.o
 .debug_macro   0x000000000000200a       0x22 ./Core/Src/SX1278.o
 .debug_macro   0x000000000000202c       0x1c ./Core/Src/SX1278.o
 .debug_macro   0x0000000000002048       0x22 ./Core/Src/SX1278.o
 .debug_macro   0x000000000000206a       0xbd ./Core/Src/SX1278.o
 .debug_macro   0x0000000000002127      0xd23 ./Core/Src/SX1278.o
 .debug_macro   0x0000000000002e4a     0xe09e ./Core/Src/SX1278.o
 .debug_macro   0x0000000000010ee8       0x6d ./Core/Src/SX1278.o
 .debug_macro   0x0000000000010f55     0x3468 ./Core/Src/SX1278.o
 .debug_macro   0x00000000000143bd       0x56 ./Core/Src/SX1278.o
 .debug_macro   0x0000000000014413      0x5be ./Core/Src/SX1278.o
 .debug_macro   0x00000000000149d1      0x289 ./Core/Src/SX1278.o
 .debug_macro   0x0000000000014c5a      0x1cb ./Core/Src/SX1278.o
 .debug_macro   0x0000000000014e25      0x114 ./Core/Src/SX1278.o
 .debug_macro   0x0000000000014f39      0x1b2 ./Core/Src/SX1278.o
 .debug_macro   0x00000000000150eb       0x27 ./Core/Src/SX1278.o
 .debug_macro   0x0000000000015112      0x136 ./Core/Src/SX1278.o
 .debug_macro   0x0000000000015248      0x1bc ./Core/Src/SX1278.o
 .debug_macro   0x0000000000015404       0x34 ./Core/Src/SX1278.o
 .debug_macro   0x0000000000015438       0x3c ./Core/Src/SX1278.o
 .debug_macro   0x0000000000015474       0x57 ./Core/Src/SX1278.o
 .debug_macro   0x00000000000154cb       0x88 ./Core/Src/SX1278.o
 .debug_macro   0x0000000000015553      0x241 ./Core/Src/SX1278.o
 .debug_macro   0x0000000000015794      0x141 ./Core/Src/SX1278.o
 .debug_macro   0x00000000000158d5      0x217 ./Core/Src/SX1278.o
 .debug_macro   0x0000000000015aec       0x65 ./Core/Src/SX1278.o
 .debug_macro   0x0000000000015b51      0x249 ./Core/Src/SX1278.o
 .debug_macro   0x0000000000015d9a       0x83 ./Core/Src/SX1278.o
 .debug_macro   0x0000000000015e1d       0x28 ./Core/Src/SX1278.o
 .debug_macro   0x0000000000015e45      0x1cb ./Core/Src/gpio.o
 .debug_macro   0x0000000000016010       0x5c ./Core/Src/gpio.o
 .debug_macro   0x000000000001606c      0x426 ./Core/Src/main.o
 .debug_macro   0x0000000000016492       0x16 ./Core/Src/main.o
 .debug_macro   0x00000000000164a8       0x10 ./Core/Src/main.o
 .debug_macro   0x00000000000164b8       0x10 ./Core/Src/main.o
 .debug_macro   0x00000000000164c8       0x1c ./Core/Src/main.o
 .debug_macro   0x00000000000164e4       0x52 ./Core/Src/main.o
 .debug_macro   0x0000000000016536       0x22 ./Core/Src/main.o
 .debug_macro   0x0000000000016558       0x10 ./Core/Src/main.o
 .debug_macro   0x0000000000016568       0x52 ./Core/Src/main.o
 .debug_macro   0x00000000000165ba       0xd5 ./Core/Src/main.o
 .debug_macro   0x000000000001668f       0x1c ./Core/Src/main.o
 .debug_macro   0x00000000000166ab       0x3d ./Core/Src/main.o
 .debug_macro   0x00000000000166e8       0x16 ./Core/Src/main.o
 .debug_macro   0x00000000000166fe      0x145 ./Core/Src/main.o
 .debug_macro   0x0000000000016843       0x16 ./Core/Src/main.o
 .debug_macro   0x0000000000016859       0x16 ./Core/Src/main.o
 .debug_macro   0x000000000001686f       0x29 ./Core/Src/main.o
 .debug_macro   0x0000000000016898       0x16 ./Core/Src/main.o
 .debug_macro   0x00000000000168ae       0x5f ./Core/Src/main.o
 .debug_macro   0x000000000001690d      0x1c8 ./Core/Src/main.o
 .debug_macro   0x0000000000016ad5       0x8f ./Core/Src/main.o
 .debug_macro   0x0000000000016b64       0x10 ./Core/Src/main.o
 .debug_macro   0x0000000000016b74      0x1cb ./Core/Src/spi.o
 .debug_macro   0x0000000000016d3f      0x1c1 ./Core/Src/stm32f1xx_hal_msp.o
 .debug_macro   0x0000000000016f00      0x1cb ./Core/Src/stm32f1xx_it.o
 .debug_macro   0x00000000000170cb      0x1b2 ./Core/Src/system_stm32f1xx.o
 .debug_macro   0x000000000001727d      0x1d6 ./Drivers/STM32F1xx_HAL_Driver/Src/stm32f1xx_hal.o
 .debug_macro   0x0000000000017453      0x1b2 ./Drivers/STM32F1xx_HAL_Driver/Src/stm32f1xx_hal_cortex.o
 .debug_macro   0x0000000000017605      0x21d ./Drivers/STM32F1xx_HAL_Driver/Src/stm32f1xx_hal_gpio.o
 .debug_macro   0x0000000000017822      0x1be ./Drivers/STM32F1xx_HAL_Driver/Src/stm32f1xx_hal_pcd.o
 .debug_macro   0x00000000000179e0      0x1b2 ./Drivers/STM32F1xx_HAL_Driver/Src/stm32f1xx_hal_pcd_ex.o
 .debug_macro   0x0000000000017b92      0x1c4 ./Drivers/STM32F1xx_HAL_Driver/Src/stm32f1xx_hal_rcc.o
 .debug_macro   0x0000000000017d56      0x1b2 ./Drivers/STM32F1xx_HAL_Driver/Src/stm32f1xx_hal_rcc_ex.o
 .debug_macro   0x0000000000017f08      0x1ba ./Drivers/STM32F1xx_HAL_Driver/Src/stm32f1xx_hal_spi.o
 .debug_macro   0x00000000000180c2      0x1b2 ./Drivers/STM32F1xx_HAL_Driver/Src/stm32f1xx_ll_usb.o
 .debug_macro   0x0000000000018274      0x3d7 ./Middlewares/ST/STM32_USB_Device_Library/Class/CDC/Src/usbd_cdc.o
 .debug_macro   0x000000000001864b       0x97 ./Middlewares/ST/STM32_USB_Device_Library/Class/CDC/Src/usbd_cdc.o
 .debug_macro   0x00000000000186e2       0xfd ./Middlewares/ST/STM32_USB_Device_Library/Class/CDC/Src/usbd_cdc.o
 .debug_macro   0x00000000000187df      0x3be ./Middlewares/ST/STM32_USB_Device_Library/Core/Src/usbd_core.o
 .debug_macro   0x0000000000018b9d      0x1ce ./Middlewares/ST/STM32_USB_Device_Library/Core/Src/usbd_core.o
 .debug_macro   0x0000000000018d6b      0x3c8 ./Middlewares/ST/STM32_USB_Device_Library/Core/Src/usbd_ctlreq.o
 .debug_macro   0x0000000000019133      0x3c4 ./Middlewares/ST/STM32_USB_Device_Library/Core/Src/usbd_ioreq.o
 .debug_macro   0x00000000000194f7      0x3f7 ./USB_DEVICE/App/usb_device.o
 .debug_macro   0x00000000000198ee       0x2e ./USB_DEVICE/App/usb_device.o
 .debug_macro   0x000000000001991c       0x22 ./USB_DEVICE/App/usb_device.o
 .debug_macro   0x000000000001993e       0x16 ./USB_DEVICE/App/usb_device.o
 .debug_macro   0x0000000000019954      0x3e2 ./USB_DEVICE/App/usbd_cdc_if.o
 .debug_macro   0x0000000000019d36      0x3fb ./USB_DEVICE/App/usbd_desc.o
 .debug_macro   0x000000000001a131       0x1c ./USB_DEVICE/App/usbd_desc.o
 .debug_macro   0x000000000001a14d      0x3db ./USB_DEVICE/Target/usbd_conf.o

.debug_line     0x0000000000000000    0x11643
 .debug_line    0x0000000000000000      0xcb3 ./Core/Src/SX1278.o
 .debug_line    0x0000000000000cb3      0x6bc ./Core/Src/gpio.o
 .debug_line    0x000000000000136f      0xb45 ./Core/Src/main.o
 .debug_line    0x0000000000001eb4      0x6fe ./Core/Src/spi.o
 .debug_line    0x00000000000025b2      0x687 ./Core/Src/stm32f1xx_hal_msp.o
 .debug_line    0x0000000000002c39      0x761 ./Core/Src/stm32f1xx_it.o
 .debug_line    0x000000000000339a      0x705 ./Core/Src/system_stm32f1xx.o
 .debug_line    0x0000000000003a9f       0x87 ./Core/Startup/startup_stm32f103c8tx.o
 .debug_line    0x0000000000003b26      0x932 ./Drivers/STM32F1xx_HAL_Driver/Src/stm32f1xx_hal.o
 .debug_line    0x0000000000004458      0xb1a ./Drivers/STM32F1xx_HAL_Driver/Src/stm32f1xx_hal_cortex.o
 .debug_line    0x0000000000004f72      0x9c9 ./Drivers/STM32F1xx_HAL_Driver/Src/stm32f1xx_hal_gpio.o
 .debug_line    0x000000000000593b     0x1320 ./Drivers/STM32F1xx_HAL_Driver/Src/stm32f1xx_hal_pcd.o
 .debug_line    0x0000000000006c5b      0x700 ./Drivers/STM32F1xx_HAL_Driver/Src/stm32f1xx_hal_pcd_ex.o
 .debug_line    0x000000000000735b      0xd40 ./Drivers/STM32F1xx_HAL_Driver/Src/stm32f1xx_hal_rcc.o
 .debug_line    0x000000000000809b      0x87e ./Drivers/STM32F1xx_HAL_Driver/Src/stm32f1xx_hal_rcc_ex.o
 .debug_line    0x0000000000008919     0x1bb7 ./Drivers/STM32F1xx_HAL_Driver/Src/stm32f1xx_hal_spi.o
 .debug_line    0x000000000000a4d0     0x1065 ./Drivers/STM32F1xx_HAL_Driver/Src/stm32f1xx_ll_usb.o
 .debug_line    0x000000000000b535      0xd11 ./Middlewares/ST/STM32_USB_Device_Library/Class/CDC/Src/usbd_cdc.o
 .debug_line    0x000000000000c246      0xd91 ./Middlewares/ST/STM32_USB_Device_Library/Core/Src/usbd_core.o
 .debug_line    0x000000000000cfd7      0xfb3 ./Middlewares/ST/STM32_USB_Device_Library/Core/Src/usbd_ctlreq.o
 .debug_line    0x000000000000df8a      0xa27 ./Middlewares/ST/STM32_USB_Device_Library/Core/Src/usbd_ioreq.o
 .debug_line    0x000000000000e9b1      0x9e7 ./USB_DEVICE/App/usb_device.o
 .debug_line    0x000000000000f398      0xa2f ./USB_DEVICE/App/usbd_cdc_if.o
 .debug_line    0x000000000000fdc7      0xab0 ./USB_DEVICE/App/usbd_desc.o
 .debug_line    0x0000000000010877      0xdcc ./USB_DEVICE/Target/usbd_conf.o

.debug_str      0x0000000000000000    0x874ed
 .debug_str     0x0000000000000000    0x82526 ./Core/Src/SX1278.o
                                      0x82921 (size before relaxing)
 .debug_str     0x0000000000082526       0x95 ./Core/Src/gpio.o
                                      0x7e8d9 (size before relaxing)
 .debug_str     0x00000000000825bb     0x20a6 ./Core/Src/main.o
                                      0x8474d (size before relaxing)
 .debug_str     0x0000000000084661       0x5b ./Core/Src/spi.o
                                      0x7ecea (size before relaxing)
 .debug_str     0x00000000000846bc       0x50 ./Core/Src/stm32f1xx_hal_msp.o
                                      0x7e861 (size before relaxing)
 .debug_str     0x000000000008470c      0x39b ./Core/Src/stm32f1xx_it.o
                                      0x7ec35 (size before relaxing)
 .debug_str     0x0000000000084aa7       0x7e ./Core/Src/system_stm32f1xx.o
                                      0x7e811 (size before relaxing)
 .debug_str     0x0000000000084b25       0x36 ./Core/Startup/startup_stm32f103c8tx.o
                                         0x73 (size before relaxing)
 .debug_str     0x0000000000084b5b      0x5fd ./Drivers/STM32F1xx_HAL_Driver/Src/stm32f1xx_hal.o
                                      0x7ef44 (size before relaxing)
 .debug_str     0x0000000000085158      0x293 ./Drivers/STM32F1xx_HAL_Driver/Src/stm32f1xx_hal_cortex.o
                                      0x7ee90 (size before relaxing)
 .debug_str     0x00000000000853eb      0x2bd ./Drivers/STM32F1xx_HAL_Driver/Src/stm32f1xx_hal_gpio.o
                                      0x7eb97 (size before relaxing)
 .debug_str     0x00000000000856a8      0x573 ./Drivers/STM32F1xx_HAL_Driver/Src/stm32f1xx_hal_pcd.o
                                      0x7f0e9 (size before relaxing)
 .debug_str     0x0000000000085c1b      0x170 ./Drivers/STM32F1xx_HAL_Driver/Src/stm32f1xx_hal_pcd_ex.o
                                      0x7ec85 (size before relaxing)
 .debug_str     0x0000000000085d8b      0x229 ./Drivers/STM32F1xx_HAL_Driver/Src/stm32f1xx_hal_rcc.o
                                      0x7ec40 (size before relaxing)
 .debug_str     0x0000000000085fb4       0x95 ./Drivers/STM32F1xx_HAL_Driver/Src/stm32f1xx_hal_rcc_ex.o
                                      0x7e990 (size before relaxing)
 .debug_str     0x0000000000086049      0x536 ./Drivers/STM32F1xx_HAL_Driver/Src/stm32f1xx_hal_spi.o
                                      0x7f13d (size before relaxing)
 .debug_str     0x000000000008657f      0x129 ./Drivers/STM32F1xx_HAL_Driver/Src/stm32f1xx_ll_usb.o
                                      0x7ecb8 (size before relaxing)
 .debug_str     0x00000000000866a8      0x645 ./Middlewares/ST/STM32_USB_Device_Library/Class/CDC/Src/usbd_cdc.o
                                      0x83da8 (size before relaxing)
 .debug_str     0x0000000000086ced      0x281 ./Middlewares/ST/STM32_USB_Device_Library/Core/Src/usbd_core.o
                                      0x836e3 (size before relaxing)
 .debug_str     0x0000000000086f6e      0x120 ./Middlewares/ST/STM32_USB_Device_Library/Core/Src/usbd_ctlreq.o
                                      0x835fd (size before relaxing)
 .debug_str     0x000000000008708e       0x51 ./Middlewares/ST/STM32_USB_Device_Library/Core/Src/usbd_ioreq.o
                                      0x8352a (size before relaxing)
 .debug_str     0x00000000000870df       0xc6 ./USB_DEVICE/App/usb_device.o
                                      0x838b5 (size before relaxing)
 .debug_str     0x00000000000871a5       0x7d ./USB_DEVICE/App/usbd_cdc_if.o
                                      0x838db (size before relaxing)
 .debug_str     0x0000000000087222      0x258 ./USB_DEVICE/App/usbd_desc.o
                                      0x83466 (size before relaxing)
 .debug_str     0x000000000008747a       0x73 ./USB_DEVICE/Target/usbd_conf.o
                                      0x84335 (size before relaxing)

.comment        0x0000000000000000       0x50
 .comment       0x0000000000000000       0x50 ./Core/Src/SX1278.o
                                         0x51 (size before relaxing)
 .comment       0x0000000000000050       0x51 ./Core/Src/gpio.o
 .comment       0x0000000000000050       0x51 ./Core/Src/main.o
 .comment       0x0000000000000050       0x51 ./Core/Src/spi.o
 .comment       0x0000000000000050       0x51 ./Core/Src/stm32f1xx_hal_msp.o
 .comment       0x0000000000000050       0x51 ./Core/Src/stm32f1xx_it.o
 .comment       0x0000000000000050       0x51 ./Core/Src/system_stm32f1xx.o
 .comment       0x0000000000000050       0x51 ./Drivers/STM32F1xx_HAL_Driver/Src/stm32f1xx_hal.o
 .comment       0x0000000000000050       0x51 ./Drivers/STM32F1xx_HAL_Driver/Src/stm32f1xx_hal_cortex.o
 .comment       0x0000000000000050       0x51 ./Drivers/STM32F1xx_HAL_Driver/Src/stm32f1xx_hal_gpio.o
 .comment       0x0000000000000050       0x51 ./Drivers/STM32F1xx_HAL_Driver/Src/stm32f1xx_hal_pcd.o
 .comment       0x0000000000000050       0x51 ./Drivers/STM32F1xx_HAL_Driver/Src/stm32f1xx_hal_pcd_ex.o
 .comment       0x0000000000000050       0x51 ./Drivers/STM32F1xx_HAL_Driver/Src/stm32f1xx_hal_rcc.o
 .comment       0x0000000000000050       0x51 ./Drivers/STM32F1xx_HAL_Driver/Src/stm32f1xx_hal_rcc_ex.o
 .comment       0x0000000000000050       0x51 ./Drivers/STM32F1xx_HAL_Driver/Src/stm32f1xx_hal_spi.o
 .comment       0x0000000000000050       0x51 ./Drivers/STM32F1xx_HAL_Driver/Src/stm32f1xx_ll_usb.o
 .comment       0x0000000000000050       0x51 ./Middlewares/ST/STM32_USB_Device_Library/Class/CDC/Src/usbd_cdc.o
 .comment       0x0000000000000050       0x51 ./Middlewares/ST/STM32_USB_Device_Library/Core/Src/usbd_core.o
 .comment       0x0000000000000050       0x51 ./Middlewares/ST/STM32_USB_Device_Library/Core/Src/usbd_ctlreq.o
 .comment       0x0000000000000050       0x51 ./Middlewares/ST/STM32_USB_Device_Library/Core/Src/usbd_ioreq.o
 .comment       0x0000000000000050       0x51 ./USB_DEVICE/App/usb_device.o
 .comment       0x0000000000000050       0x51 ./USB_DEVICE/App/usbd_cdc_if.o
 .comment       0x0000000000000050       0x51 ./USB_DEVICE/App/usbd_desc.o
 .comment       0x0000000000000050       0x51 ./USB_DEVICE/Target/usbd_conf.o

.debug_frame    0x0000000000000000     0x34c4
 .debug_frame   0x0000000000000000      0x404 ./Core/Src/SX1278.o
 .debug_frame   0x0000000000000404       0x34 ./Core/Src/gpio.o
 .debug_frame   0x0000000000000438       0xb8 ./Core/Src/main.o
 .debug_frame   0x00000000000004f0       0x74 ./Core/Src/spi.o
 .debug_frame   0x0000000000000564       0x38 ./Core/Src/stm32f1xx_hal_msp.o
 .debug_frame   0x000000000000059c      0x120 ./Core/Src/stm32f1xx_it.o
 .debug_frame   0x00000000000006bc       0x58 ./Core/Src/system_stm32f1xx.o
 .debug_frame   0x0000000000000714      0x334 ./Drivers/STM32F1xx_HAL_Driver/Src/stm32f1xx_hal.o
 .debug_frame   0x0000000000000a48      0x428 ./Drivers/STM32F1xx_HAL_Driver/Src/stm32f1xx_hal_cortex.o
 .debug_frame   0x0000000000000e70      0x14c ./Drivers/STM32F1xx_HAL_Driver/Src/stm32f1xx_hal_gpio.o
 .debug_frame   0x0000000000000fbc      0x578 ./Drivers/STM32F1xx_HAL_Driver/Src/stm32f1xx_hal_pcd.o
 .debug_frame   0x0000000000001534       0xb0 ./Drivers/STM32F1xx_HAL_Driver/Src/stm32f1xx_hal_pcd_ex.o
 .debug_frame   0x00000000000015e4      0x21c ./Drivers/STM32F1xx_HAL_Driver/Src/stm32f1xx_hal_rcc.o
 .debug_frame   0x0000000000001800       0x84 ./Drivers/STM32F1xx_HAL_Driver/Src/stm32f1xx_hal_rcc_ex.o
 .debug_frame   0x0000000000001884      0x824 ./Drivers/STM32F1xx_HAL_Driver/Src/stm32f1xx_hal_spi.o
 .debug_frame   0x00000000000020a8      0x450 ./Drivers/STM32F1xx_HAL_Driver/Src/stm32f1xx_ll_usb.o
 .debug_frame   0x00000000000024f8      0x248 ./Middlewares/ST/STM32_USB_Device_Library/Class/CDC/Src/usbd_cdc.o
 .debug_frame   0x0000000000002740      0x300 ./Middlewares/ST/STM32_USB_Device_Library/Core/Src/usbd_core.o
 .debug_frame   0x0000000000002a40      0x218 ./Middlewares/ST/STM32_USB_Device_Library/Core/Src/usbd_ctlreq.o
 .debug_frame   0x0000000000002c58      0x10c ./Middlewares/ST/STM32_USB_Device_Library/Core/Src/usbd_ioreq.o
 .debug_frame   0x0000000000002d64       0x2c ./USB_DEVICE/App/usb_device.o
 .debug_frame   0x0000000000002d90       0xbc ./USB_DEVICE/App/usbd_cdc_if.o
 .debug_frame   0x0000000000002e4c      0x160 ./USB_DEVICE/App/usbd_desc.o
 .debug_frame   0x0000000000002fac      0x4a4 ./USB_DEVICE/Target/usbd_conf.o
 .debug_frame   0x0000000000003450       0x2c c:/st/stm32cubeide_1.10.1/stm32cubeide/plugins/com.st.stm32cube.ide.mcu.externaltools.gnu-tools-for-stm32.10.3-2021.10.win32_1.0.0.202111181127/tools/bin/../lib/gcc/arm-none-eabi/10.3.1/../../../../arm-none-eabi/lib/thumb/v7-m/nofp\libc_nano.a(lib_a-init.o)
 .debug_frame   0x000000000000347c       0x28 c:/st/stm32cubeide_1.10.1/stm32cubeide/plugins/com.st.stm32cube.ide.mcu.externaltools.gnu-tools-for-stm32.10.3-2021.10.win32_1.0.0.202111181127/tools/bin/../lib/gcc/arm-none-eabi/10.3.1/../../../../arm-none-eabi/lib/thumb/v7-m/nofp\libc_nano.a(lib_a-memcpy-stub.o)
 .debug_frame   0x00000000000034a4       0x20 c:/st/stm32cubeide_1.10.1/stm32cubeide/plugins/com.st.stm32cube.ide.mcu.externaltools.gnu-tools-for-stm32.10.3-2021.10.win32_1.0.0.202111181127/tools/bin/../lib/gcc/arm-none-eabi/10.3.1/../../../../arm-none-eabi/lib/thumb/v7-m/nofp\libc_nano.a(lib_a-memset.o)
