../Core/Src/main.c:134:5:main	16	static
../Core/Src/main.c:267:6:SystemClock_Config	72	static
../Core/Src/main.c:303:6:Send_AccAll	40	static
../Core/Src/main.c:311:6:Send_MPUTemp	8	static
../Core/Src/main.c:319:6:Send_Gyro	40	static
../Core/Src/main.c:327:6:Send_PitchRollYaw	32	static
../Core/Src/main.c:334:6:Send_TempPresAlt	32	static
../Core/Src/main.c:346:6:read_mpu_6050_data	48	static
../Core/Src/main.c:383:6:setup_mpu_6050_registers	40	static
../Core/Src/main.c:396:6:HAL_UART_RxCpltCallback	16	static
../Core/Src/main.c:550:6:GPS_Parse	40	static
../Core/Src/main.c:595:7:strtok_f	16	static
../Core/Src/main.c:602:7:strtok_fr	32	static
../Core/Src/main.c:631:6:Error_Handler	4	static,ignoring_inline_asm
